Component: Arm Compiler for Embedded 6.19 Tool: armlink [5e73cb00]

==============================================================================

Section Cross References

    startup_stm32f10x_hd.o(RESET) refers to startup_stm32f10x_hd.o(STACK) for __initial_sp
    startup_stm32f10x_hd.o(RESET) refers to startup_stm32f10x_hd.o(.text) for Reset_Handler
    startup_stm32f10x_hd.o(RESET) refers to stm32f10x_it.o(.text.NMI_Handler) for NMI_Handler
    startup_stm32f10x_hd.o(RESET) refers to stm32f10x_it.o(.text.HardFault_Handler) for HardFault_Handler
    startup_stm32f10x_hd.o(RESET) refers to stm32f10x_it.o(.text.MemManage_Handler) for MemManage_Handler
    startup_stm32f10x_hd.o(RESET) refers to stm32f10x_it.o(.text.BusFault_Handler) for BusFault_Handler
    startup_stm32f10x_hd.o(RESET) refers to stm32f10x_it.o(.text.UsageFault_Handler) for UsageFault_Handler
    startup_stm32f10x_hd.o(RESET) refers to stm32f10x_it.o(.text.SVC_Handler) for SVC_Handler
    startup_stm32f10x_hd.o(RESET) refers to stm32f10x_it.o(.text.DebugMon_Handler) for DebugMon_Handler
    startup_stm32f10x_hd.o(RESET) refers to stm32f10x_it.o(.text.PendSV_Handler) for PendSV_Handler
    startup_stm32f10x_hd.o(RESET) refers to delay.o(.text.SysTick_Handler) for SysTick_Handler
    startup_stm32f10x_hd.o(RESET) refers to usart1.o(.text.USART1_IRQHandler) for USART1_IRQHandler
    startup_stm32f10x_hd.o(RESET) refers to esp8266.o(.text.USART3_IRQHandler) for USART3_IRQHandler
    startup_stm32f10x_hd.o(.text) refers to system_stm32f10x.o(.text.SystemInit) for SystemInit
    startup_stm32f10x_hd.o(.text) refers to entry.o(.ARM.Collect$$$$00000000) for __main
    misc.o(.ARM.exidx.text.NVIC_PriorityGroupConfig) refers to misc.o(.text.NVIC_PriorityGroupConfig) for [Anonymous Symbol]
    misc.o(.ARM.exidx.text.NVIC_Init) refers to misc.o(.text.NVIC_Init) for [Anonymous Symbol]
    misc.o(.ARM.exidx.text.NVIC_SetVectorTable) refers to misc.o(.text.NVIC_SetVectorTable) for [Anonymous Symbol]
    misc.o(.ARM.exidx.text.NVIC_SystemLPConfig) refers to misc.o(.text.NVIC_SystemLPConfig) for [Anonymous Symbol]
    misc.o(.ARM.exidx.text.SysTick_CLKSourceConfig) refers to misc.o(.text.SysTick_CLKSourceConfig) for [Anonymous Symbol]
    stm32f10x_adc.o(.text.ADC_DeInit) refers to stm32f10x_rcc.o(.text.RCC_APB2PeriphResetCmd) for RCC_APB2PeriphResetCmd
    stm32f10x_adc.o(.ARM.exidx.text.ADC_DeInit) refers to stm32f10x_adc.o(.text.ADC_DeInit) for [Anonymous Symbol]
    stm32f10x_adc.o(.ARM.exidx.text.ADC_Init) refers to stm32f10x_adc.o(.text.ADC_Init) for [Anonymous Symbol]
    stm32f10x_adc.o(.ARM.exidx.text.ADC_StructInit) refers to stm32f10x_adc.o(.text.ADC_StructInit) for [Anonymous Symbol]
    stm32f10x_adc.o(.ARM.exidx.text.ADC_Cmd) refers to stm32f10x_adc.o(.text.ADC_Cmd) for [Anonymous Symbol]
    stm32f10x_adc.o(.ARM.exidx.text.ADC_DMACmd) refers to stm32f10x_adc.o(.text.ADC_DMACmd) for [Anonymous Symbol]
    stm32f10x_adc.o(.ARM.exidx.text.ADC_ITConfig) refers to stm32f10x_adc.o(.text.ADC_ITConfig) for [Anonymous Symbol]
    stm32f10x_adc.o(.ARM.exidx.text.ADC_ResetCalibration) refers to stm32f10x_adc.o(.text.ADC_ResetCalibration) for [Anonymous Symbol]
    stm32f10x_adc.o(.ARM.exidx.text.ADC_GetResetCalibrationStatus) refers to stm32f10x_adc.o(.text.ADC_GetResetCalibrationStatus) for [Anonymous Symbol]
    stm32f10x_adc.o(.ARM.exidx.text.ADC_StartCalibration) refers to stm32f10x_adc.o(.text.ADC_StartCalibration) for [Anonymous Symbol]
    stm32f10x_adc.o(.ARM.exidx.text.ADC_GetCalibrationStatus) refers to stm32f10x_adc.o(.text.ADC_GetCalibrationStatus) for [Anonymous Symbol]
    stm32f10x_adc.o(.ARM.exidx.text.ADC_SoftwareStartConvCmd) refers to stm32f10x_adc.o(.text.ADC_SoftwareStartConvCmd) for [Anonymous Symbol]
    stm32f10x_adc.o(.ARM.exidx.text.ADC_GetSoftwareStartConvStatus) refers to stm32f10x_adc.o(.text.ADC_GetSoftwareStartConvStatus) for [Anonymous Symbol]
    stm32f10x_adc.o(.ARM.exidx.text.ADC_DiscModeChannelCountConfig) refers to stm32f10x_adc.o(.text.ADC_DiscModeChannelCountConfig) for [Anonymous Symbol]
    stm32f10x_adc.o(.ARM.exidx.text.ADC_DiscModeCmd) refers to stm32f10x_adc.o(.text.ADC_DiscModeCmd) for [Anonymous Symbol]
    stm32f10x_adc.o(.ARM.exidx.text.ADC_RegularChannelConfig) refers to stm32f10x_adc.o(.text.ADC_RegularChannelConfig) for [Anonymous Symbol]
    stm32f10x_adc.o(.ARM.exidx.text.ADC_ExternalTrigConvCmd) refers to stm32f10x_adc.o(.text.ADC_ExternalTrigConvCmd) for [Anonymous Symbol]
    stm32f10x_adc.o(.ARM.exidx.text.ADC_GetConversionValue) refers to stm32f10x_adc.o(.text.ADC_GetConversionValue) for [Anonymous Symbol]
    stm32f10x_adc.o(.ARM.exidx.text.ADC_GetDualModeConversionValue) refers to stm32f10x_adc.o(.text.ADC_GetDualModeConversionValue) for [Anonymous Symbol]
    stm32f10x_adc.o(.ARM.exidx.text.ADC_AutoInjectedConvCmd) refers to stm32f10x_adc.o(.text.ADC_AutoInjectedConvCmd) for [Anonymous Symbol]
[...]
    [Anonymous Symbol]                       0x08002230   Section        0  lcd.o(.text.LCD_Display_Dir)
    [Anonymous Symbol]                       0x080022f4   Section        0  lcd.o(.text.LCD_DrawPoint)
    [Anonymous Symbol]                       0x08002328   Section        0  lcd.o(.text.LCD_FSMC_Config)
    [Anonymous Symbol]                       0x080023a0   Section        0  lcd.o(.text.LCD_Fill)
    [Anonymous Symbol]                       0x08002440   Section        0  lcd.o(.text.LCD_GPIO_Config)
    [Anonymous Symbol]                       0x08002500   Section        0  lcd.o(.text.LCD_Init)
    [Anonymous Symbol]                       0x08002524   Section        0  lcd.o(.text.LCD_RD_DATA)
    [Anonymous Symbol]                       0x08002530   Section        0  lcd.o(.text.LCD_ReadReg)
    [Anonymous Symbol]                       0x08002550   Section        0  lcd.o(.text.LCD_Scan_Dir)
    [Anonymous Symbol]                       0x080027b0   Section        0  lcd.o(.text.LCD_SetCursor)
    [Anonymous Symbol]                       0x08002828   Section        0  lcd.o(.text.LCD_Show_Photo)
    [Anonymous Symbol]                       0x080028b0   Section        0  lcd.o(.text.LCD_WR_DATA)
    [Anonymous Symbol]                       0x080028c8   Section        0  lcd.o(.text.LCD_WR_REG)
    [Anonymous Symbol]                       0x080028e0   Section        0  lcd.o(.text.LCD_WriteRAM_Prepare)
    [Anonymous Symbol]                       0x080028f8   Section        0  lcd.o(.text.LCD_WriteReg)
    [Anonymous Symbol]                       0x08002924   Section        0  lcd.o(.text.LCD_init_RGB)
    [Anonymous Symbol]                       0x08002c2c   Section        0  led.o(.text.LED_Config)
    [Anonymous Symbol]                       0x08002c8c   Section        0  mfrc522.o(.text.MFRC522_Add_IC)
    [Anonymous Symbol]                       0x08002d4c   Section        0  mfrc522.o(.text.MFRC522_Add_IC1)
    [Anonymous Symbol]                       0x08002e0c   Section        0  mfrc522.o(.text.MFRC_CalulateCRC)
    [Anonymous Symbol]                       0x08002ec0   Section        0  mfrc522.o(.text.MFRC_ClrBitMask)
    [Anonymous Symbol]                       0x08002ef0   Section        0  mfrc522.o(.text.MFRC_CmdFrame)
    [Anonymous Symbol]                       0x08003100   Section        0  mfrc522.o(.text.MFRC_Init)
    [Anonymous Symbol]                       0x08003108   Section        0  mfrc522.o(.text.MFRC_ReadReg)
    [Anonymous Symbol]                       0x0800314c   Section        0  mfrc522.o(.text.MFRC_SetBitMask)
    [Anonymous Symbol]                       0x0800317c   Section        0  mfrc522.o(.text.MFRC_WriteReg)
    [Anonymous Symbol]                       0x080031c0   Section        0  mqttpacket.o(.text.MQTTPacket_encode)
    [Anonymous Symbol]                       0x08003220   Section        0  mqttpacket.o(.text.MQTTPacket_len)
    [Anonymous Symbol]                       0x08003278   Section        0  mqttconnectclient.o(.text.MQTTSerialize_connect)
    [Anonymous Symbol]                       0x08003468   Section        0  mqttconnectclient.o(.text.MQTTSerialize_connectLength)
    [Anonymous Symbol]                       0x0800352c   Section        0  mqttserializepublish.o(.text.MQTTSerialize_publish)
    [Anonymous Symbol]                       0x08003648   Section        0  mqttserializepublish.o(.text.MQTTSerialize_publishLength)
    [Anonymous Symbol]                       0x08003688   Section        0  mqttpacket.o(.text.MQTTstrlen)
    [Anonymous Symbol]                       0x080036b4   Section        0  stm32f10x_it.o(.text.MemManage_Handler)
    [Anonymous Symbol]                       0x080036b8   Section        0  aliyun.o(.text.MyMQTT_Connect)
    [Anonymous Symbol]                       0x080037a0   Section        0  aliyun.o(.text.MyMQTT_Publish)
    [Anonymous Symbol]                       0x08003860   Section        0  stm32f10x_it.o(.text.NMI_Handler)
    [Anonymous Symbol]                       0x08003864   Section        0  misc.o(.text.NVIC_Init)
    [Anonymous Symbol]                       0x08003910   Section        0  mfrc522.o(.text.PCD_AntennaOff)
    [Anonymous Symbol]                       0x0800391c   Section        0  mfrc522.o(.text.PCD_AntennaOn)
    [Anonymous Symbol]                       0x08003944   Section        0  mfrc522.o(.text.PCD_Anticoll)
    [Anonymous Symbol]                       0x08003a00   Section        0  mfrc522.o(.text.PCD_AuthState)
    [Anonymous Symbol]                       0x08003ac0   Section        0  mfrc522.o(.text.PCD_Init)
    [Anonymous Symbol]                       0x08003acc   Section        0  mfrc522.o(.text.PCD_Request)
    [Anonymous Symbol]                       0x08003b3c   Section        0  mfrc522.o(.text.PCD_Reset)
    [Anonymous Symbol]                       0x08003bc4   Section        0  mfrc522.o(.text.PCD_Select)
    [Anonymous Symbol]                       0x08003c74   Section        0  mfrc522.o(.text.PCD_WriteBlock)
    [Anonymous Symbol]                       0x08003d68   Section        0  stm32f10x_it.o(.text.PendSV_Handler)
    [Anonymous Symbol]                       0x08003d6c   Section        0  stm32f10x_rcc.o(.text.RCC_ADCCLKConfig)
    [Anonymous Symbol]                       0x08003d98   Section        0  stm32f10x_rcc.o(.text.RCC_AHBPeriphClockCmd)
    [Anonymous Symbol]                       0x08003dd0   Section        0  stm32f10x_rcc.o(.text.RCC_APB1PeriphClockCmd)
    [Anonymous Symbol]                       0x08003e08   Section        0  stm32f10x_rcc.o(.text.RCC_APB2PeriphClockCmd)
    [Anonymous Symbol]                       0x08003e40   Section        0  stm32f10x_rcc.o(.text.RCC_GetClocksFreq)
    [Anonymous Symbol]                       0x08003fb4   Section        0  rgb.o(.text.RGB_Config)
    [Anonymous Symbol]                       0x08004000   Section        0  rgb.o(.text.RGB_ls)
    [Anonymous Symbol]                       0x080040d8   Section        0  spi.o(.text.SPI_RC522_Init)
    [Anonymous Symbol]                       0x0800419c   Section        0  stm32f10x_it.o(.text.SVC_Handler)
    SetSysClock                              0x080041a1   Thumb Code     8  system_stm32f10x.o(.text.SetSysClock)
    [Anonymous Symbol]                       0x080041a0   Section        0  system_stm32f10x.o(.text.SetSysClock)
    SetSysClockTo72                          0x080041a9   Thumb Code   290  system_stm32f10x.o(.text.SetSysClockTo72)
    [Anonymous Symbol]                       0x080041a8   Section        0  system_stm32f10x.o(.text.SetSysClockTo72)
    [Anonymous Symbol]                       0x080042cc   Section        0  spi.o(.text.Soft_SPI_Read)
    [Anonymous Symbol]                       0x0800434c   Section        0  spi.o(.text.Soft_SPI_Write)
    SysTick_Config                           0x080043e1   Thumb Code    82  delay.o(.text.SysTick_Config)
    [Anonymous Symbol]                       0x080043e0   Section        0  delay.o(.text.SysTick_Config)
    [Anonymous Symbol]                       0x08004434   Section        0  delay.o(.text.SysTick_Handler)
    [Anonymous Symbol]                       0x080045f8   Section        0  system_stm32f10x.o(.text.SystemInit)
    [Anonymous Symbol]                       0x08004660   Section        0  usart1.o(.text.USART1_Config)
    [Anonymous Symbol]                       0x080046f0   Section        0  usart1.o(.text.USART1_IRQHandler)
    [Anonymous Symbol]                       0x0800478c   Section        0  esp8266.o(.text.USART3_IRQHandler)
    [Anonymous Symbol]                       0x0800489c   Section        0  stm32f10x_usart.o(.text.USART_ClearITPendingBit)
    [Anonymous Symbol]                       0x080048e0   Section        0  stm32f10x_usart.o(.text.USART_Cmd)
    [Anonymous Symbol]                       0x0800490c   Section        0  stm32f10x_usart.o(.text.USART_GetFlagStatus)
    [Anonymous Symbol]                       0x08004950   Section        0  stm32f10x_usart.o(.text.USART_GetITStatus)
    [Anonymous Symbol]                       0x08004a00   Section        0  stm32f10x_usart.o(.text.USART_ITConfig)
    [Anonymous Symbol]                       0x08004a94   Section        0  stm32f10x_usart.o(.text.USART_Init)
    [Anonymous Symbol]                       0x08004bf0   Section        0  stm32f10x_usart.o(.text.USART_ReceiveData)
    [Anonymous Symbol]                       0x08004c00   Section        0  stm32f10x_usart.o(.text.USART_SendData)
    [Anonymous Symbol]                       0x08004c18   Section        0  aliyun.o(.text.Up_Data)
    [Anonymous Symbol]                       0x08004c90   Section        0  stm32f10x_it.o(.text.UsageFault_Handler)
    [Anonymous Symbol]                       0x08004c94   Section        0  esp8266.o(.text.Usart3_SendByte)
    [Anonymous Symbol]                       0x08004cc8   Section        0  esp8266.o(.text.Usart3_SendStr)
    [Anonymous Symbol]                       0x08004d0c   Section        0  esp8266.o(.text.WIFI_ClearDat)
    [Anonymous Symbol]                       0x08004d34   Section        0  esp8266.o(.text.WIFI_CloseTransmission)
    [Anonymous Symbol]                       0x08004d60   Section        0  esp8266.o(.text.WIFI_ConnectServer)
    [Anonymous Symbol]                       0x08004e3c   Section        0  esp8266.o(.text.WIFI_SendBuff)
    [Anonymous Symbol]                       0x08004e88   Section        0  esp8266.o(.text.Wifi_Init)
    __NVIC_EnableIRQ                         0x08004f0d   Thumb Code    48  usart1.o(.text.__NVIC_EnableIRQ)
    [Anonymous Symbol]                       0x08004f0c   Section        0  usart1.o(.text.__NVIC_EnableIRQ)
    __NVIC_SetPriority                       0x08004f3d   Thumb Code    66  delay.o(.text.__NVIC_SetPriority)
    [Anonymous Symbol]                       0x08004f3c   Section        0  delay.o(.text.__NVIC_SetPriority)
    __NVIC_SetPriority                       0x08004f81   Thumb Code    66  usart1.o(.text.__NVIC_SetPriority)
    [Anonymous Symbol]                       0x08004f80   Section        0  usart1.o(.text.__NVIC_SetPriority)
    [Anonymous Symbol]                       0x08004fc4   Section        0  usart1.o(.text.fputc)
    [Anonymous Symbol]                       0x08004ff8   Section        0  main.o(.text.main)
    [Anonymous Symbol]                       0x08005448   Section        0  lcd.o(.text.show_xXx)
    [Anonymous Symbol]                       0x08005520   Section        0  utils_md5.o(.text.utils_hb2hex)
    [Anonymous Symbol]                       0x08005558   Section        0  utils_hmac.o(.text.utils_hmac_sha1)
    [Anonymous Symbol]                       0x08005680   Section        0  utils_sha1.o(.text.utils_sha1_finish)
    [Anonymous Symbol]                       0x080057cc   Section        0  utils_sha1.o(.text.utils_sha1_init)
    [Anonymous Symbol]                       0x080057e0   Section        0  utils_sha1.o(.text.utils_sha1_process)
    [Anonymous Symbol]                       0x08006dc0   Section        0  utils_sha1.o(.text.utils_sha1_starts)
    [Anonymous Symbol]                       0x08006e10   Section        0  utils_sha1.o(.text.utils_sha1_update)
    [Anonymous Symbol]                       0x08006ed0   Section        0  mqttpacket.o(.text.writeCString)
    [Anonymous Symbol]                       0x08006f04   Section        0  mqttpacket.o(.text.writeChar)
    [Anonymous Symbol]                       0x08006f24   Section        0  mqttpacket.o(.text.writeInt)
    [Anonymous Symbol]                       0x08006f58   Section        0  mqttpacket.o(.text.writeMQTTString)
    i.__0printf                              0x08006fac   Section        0  printfa.o(i.__0printf)
    i.__0sprintf                             0x08006fcc   Section        0  printfa.o(i.__0sprintf)
    i.__scatterload_copy                     0x08006ff4   Section       14  handlers.o(i.__scatterload_copy)
    i.__scatterload_null                     0x08007002   Section        2  handlers.o(i.__scatterload_null)
    i.__scatterload_zeroinit                 0x08007004   Section       14  handlers.o(i.__scatterload_zeroinit)
    _fp_digits                               0x08007015   Thumb Code   366  printfa.o(i._fp_digits)
    i._fp_digits                             0x08007014   Section        0  printfa.o(i._fp_digits)
    _printf_core                             0x08007199   Thumb Code  1744  printfa.o(i._printf_core)
    i._printf_core                           0x08007198   Section        0  printfa.o(i._printf_core)
    _printf_post_padding                     0x08007875   Thumb Code    36  printfa.o(i._printf_post_padding)
    i._printf_post_padding                   0x08007874   Section        0  printfa.o(i._printf_post_padding)
    _printf_pre_padding                      0x08007899   Thumb Code    46  printfa.o(i._printf_pre_padding)
    i._printf_pre_padding                    0x08007898   Section        0  printfa.o(i._printf_pre_padding)
    _sputc                                   0x080078c7   Thumb Code    10  printfa.o(i._sputc)
    i._sputc                                 0x080078c6   Section        0  printfa.o(i._sputc)
    .L__const.ADC_Config.adc                 0x080078d0   Data          20  adc.o(.rodata..L__const.ADC_Config.adc)
    .L__const.MyMQTT_Connect.data            0x080078e4   Data          88  aliyun.o(.rodata..L__const.MyMQTT_Connect.data)
    ADCPrescTable                            0x0800793c   Data           4  stm32f10x_rcc.o(.rodata.ADCPrescTable)
    [Anonymous Symbol]                       0x0800793c   Section        0  stm32f10x_rcc.o(.rodata.ADCPrescTable)
    APBAHBPrescTable                         0x08007940   Data          16  stm32f10x_rcc.o(.rodata.APBAHBPrescTable)
    [Anonymous Symbol]                       0x08007940   Section        0  stm32f10x_rcc.o(.rodata.APBAHBPrescTable)
    iot_sha1_padding                         0x08008e44   Data          64  utils_sha1.o(.rodata.iot_sha1_padding)
    [Anonymous Symbol]                       0x08008e44   Section        0  utils_sha1.o(.rodata.iot_sha1_padding)
    .L.str                                   0x08008e84   Data          29  main.o(.rodata.str1.1)
    [Anonymous Symbol]                       0x08008e84   Section        0  main.o(.rodata.str1.1)
    .L.str.4                                 0x08008ea1   Data          26  main.o(.rodata.str1.1)
    .L.str.2                                 0x08008ebb   Data          18  main.o(.rodata.str1.1)
    .L.str.1                                 0x08008ecd   Data           9  main.o(.rodata.str1.1)
    .L.str.3                                 0x08008ed6   Data           4  main.o(.rodata.str1.1)
    .L.str.6                                 0x08008eda   Data          24  delay.o(.rodata.str1.1)
    [Anonymous Symbol]                       0x08008eda   Section        0  delay.o(.rodata.str1.1)
    .L.str.5                                 0x08008ef2   Data          24  delay.o(.rodata.str1.1)
    .L.str.4                                 0x08008f0a   Data          23  delay.o(.rodata.str1.1)
    .L.str.3                                 0x08008f21   Data          22  delay.o(.rodata.str1.1)
    .L.str.2                                 0x08008f37   Data          21  delay.o(.rodata.str1.1)
    .L.str.1                                 0x08008f4c   Data          20  delay.o(.rodata.str1.1)
    .L.str                                   0x08008f60   Data          19  delay.o(.rodata.str1.1)
    .L.str.10                                0x08008f73   Data          31  esp8266.o(.rodata.str1.1)
    [Anonymous Symbol]                       0x08008f73   Section        0  esp8266.o(.rodata.str1.1)
    .L.str.2                                 0x08008f78   Data           7  esp8266.o(.rodata.str1.1)
    .L.str.3                                 0x08008f7f   Data          29  esp8266.o(.rodata.str1.1)
    .L.str.12                                0x08008f92   Data           6  esp8266.o(.rodata.str1.1)
    .L.str.17                                0x08008f98   Data          15  esp8266.o(.rodata.str1.1)
    .L.str.4                                 0x08008f9c   Data          10  esp8266.o(.rodata.str1.1)
    .L.str.8                                 0x08008fa7   Data          14  esp8266.o(.rodata.str1.1)
    .L.str.20                                0x08008fb5   Data          25  esp8266.o(.rodata.str1.1)
    .L.str.18                                0x08008fce   Data          13  esp8266.o(.rodata.str1.1)
    .L.str.5                                 0x08008fdb   Data           5  esp8266.o(.rodata.str1.1)
    .L.str.13                                0x08008fe0   Data          27  esp8266.o(.rodata.str1.1)
    .L.str.15                                0x08008ffb   Data          17  esp8266.o(.rodata.str1.1)
    .L.str.9                                 0x0800900c   Data          14  esp8266.o(.rodata.str1.1)
    .L.str.7                                 0x0800901a   Data          16  esp8266.o(.rodata.str1.1)
    .L.str.11                                0x0800902a   Data          13  esp8266.o(.rodata.str1.1)
    .L.str.16                                0x08009037   Data          17  esp8266.o(.rodata.str1.1)
    .L.str.17                                0x08009045   Data           3  esp8266.o(.rodata.str1.1)
    .L.str.19                                0x08009048   Data           2  esp8266.o(.rodata.str1.1)
    .L.str.6                                 0x0800904a   Data           3  esp8266.o(.rodata.str1.1)
    .L.str.14                                0x0800904d   Data           8  esp8266.o(.rodata.str1.1)
    .L.str.1                                 0x08009055   Data           2  esp8266.o(.rodata.str1.1)
    .L.str.10                                0x08009057   Data          18  aliyun.o(.rodata.str1.1)
    [Anonymous Symbol]                       0x08009057   Section        0  aliyun.o(.rodata.str1.1)
    .L.str.11                                0x08009069   Data          15  aliyun.o(.rodata.str1.1)
    .L.str.13                                0x08009078   Data          15  aliyun.o(.rodata.str1.1)
    .L.str.12                                0x08009087   Data          15  aliyun.o(.rodata.str1.1)
    .L.str.21                                0x08009088   Data          18  esp8266.o(.rodata.str1.1)
    .L.str.15                                0x08009096   Data          15  aliyun.o(.rodata.str1.1)
    .L.str.22                                0x0800909a   Data          13  esp8266.o(.rodata.str1.1)
    .L.str.16                                0x080090a5   Data           6  aliyun.o(.rodata.str1.1)
    .L.str.23                                0x080090a7   Data          12  esp8266.o(.rodata.str1.1)
    .L.str.14                                0x080090ab   Data           4  aliyun.o(.rodata.str1.1)
    .L.str.5                                 0x080090af   Data          33  aliyun.o(.rodata.str1.1)
    .L.str.24                                0x080090b3   Data           7  esp8266.o(.rodata.str1.1)
    .L.str.25                                0x080090ba   Data           7  esp8266.o(.rodata.str1.1)
    .L.str.1                                 0x080090d0   Data          16  aliyun.o(.rodata.str1.1)
    .L.str.3                                 0x080090e0   Data          12  aliyun.o(.rodata.str1.1)
    .L.str.6                                 0x080090ec   Data          40  aliyun.o(.rodata.str1.1)
    .L.str.2                                 0x08009114   Data           6  aliyun.o(.rodata.str1.1)
    .L.str.4                                 0x0800911a   Data          35  aliyun.o(.rodata.str1.1)
    .L.str                                   0x0800913a   Data           3  aliyun.o(.rodata.str1.1)
    .L.str.9                                 0x0800913d   Data          38  aliyun.o(.rodata.str1.1)
    .L.str.7                                 0x08009163   Data          37  aliyun.o(.rodata.str1.1)
    .L.str.8                                 0x08009188   Data          43  aliyun.o(.rodata.str1.1)
    .L.str                                   0x080091b3   Data          37  aliyun.o(.rodata.str1.1)
    .L.str.31                                0x080091d8   Data         242  aliyun.o(.rodata.str1.1)
    .L.str.18                                0x080091db   Data          23  aliyun.o(.rodata.str1.1)
    .L.str.19                                0x080091f2   Data           7  aliyun.o(.rodata.str1.1)
    .L.str.20                                0x080091f9   Data          26  aliyun.o(.rodata.str1.1)
    .L.str.21                                0x08009213   Data          27  aliyun.o(.rodata.str1.1)
    .L.str.22                                0x0800922e   Data          15  aliyun.o(.rodata.str1.1)
    .L.str.23                                0x0800923d   Data          10  aliyun.o(.rodata.str1.1)
    .L.str.24                                0x08009247   Data          16  aliyun.o(.rodata.str1.1)
    .L.str.25                                0x08009257   Data           8  aliyun.o(.rodata.str1.1)
    .L.str.26                                0x0800925f   Data          10  aliyun.o(.rodata.str1.1)
    .L.str.27                                0x08009269   Data         141  aliyun.o(.rodata.str1.1)
    .L.str.4                                 0x080092ca   Data          11  mfrc522.o(.rodata.str1.1)
    [Anonymous Symbol]                       0x080092ca   Section        0  mfrc522.o(.rodata.str1.1)
    .L.str.1                                 0x080092d5   Data          20  mfrc522.o(.rodata.str1.1)
    .L.str.3                                 0x080092e9   Data          20  mfrc522.o(.rodata.str1.1)
    .L.str.28                                0x080092f6   Data          15  aliyun.o(.rodata.str1.1)
    .L.str.2                                 0x080092fd   Data          25  mfrc522.o(.rodata.str1.1)
    .L.str.29                                0x08009305   Data          15  aliyun.o(.rodata.str1.1)
    .L.str.30                                0x08009314   Data          15  aliyun.o(.rodata.str1.1)
    .L.str                                   0x08009316   Data          18  mfrc522.o(.rodata.str1.1)
    .L.str.6                                 0x08009328   Data           2  app.o(.rodata.str1.1)
    [Anonymous Symbol]                       0x08009328   Section        0  app.o(.rodata.str1.1)
    .L.str.11                                0x0800932a   Data          23  app.o(.rodata.str1.1)
    .L.str.10                                0x08009341   Data           4  app.o(.rodata.str1.1)
    .L.str.3                                 0x08009345   Data           7  app.o(.rodata.str1.1)
    .L.str.5                                 0x0800934c   Data           5  app.o(.rodata.str1.1)
    .L.str.9                                 0x08009351   Data           9  app.o(.rodata.str1.1)
    .L.str.7                                 0x0800935a   Data           9  app.o(.rodata.str1.1)
    .L.str.8                                 0x08009363   Data           9  app.o(.rodata.str1.1)
    .L.str.4                                 0x0800936c   Data           9  app.o(.rodata.str1.1)
    .L.str                                   0x08009375   Data           5  mqttconnectclient.o(.rodata.str1.1)
    [Anonymous Symbol]                       0x08009375   Section        0  mqttconnectclient.o(.rodata.str1.1)
    .L.str.1                                 0x0800937a   Data           7  mqttconnectclient.o(.rodata.str1.1)
    .data                                    0x20000000   Section        4  stdout.o(.data)
    Charge_Choose_Num.laset_choose_mode      0x20000fb8   Data           1  app.o(.bss.Charge_Choose_Num.laset_choose_mode)
    [Anonymous Symbol]                       0x20000fb8   Section        0  app.o(.bss.Charge_Choose_Num.laset_choose_mode)
    Charge_Choose_Num.last_num               0x20000fb9   Data           1  app.o(.bss.Charge_Choose_Num.last_num)
    [Anonymous Symbol]                       0x20000fb9   Section        0  app.o(.bss.Charge_Choose_Num.last_num)
    Charge_Choose_View.last_num              0x20000fba   Data           1  app.o(.bss.Charge_Choose_View.last_num)
    [Anonymous Symbol]                       0x20000fba   Section        0  app.o(.bss.Charge_Choose_View.last_num)
    RGB_ls.state                             0x20000fc0   Data           2  rgb.o(.bss.RGB_ls.state)
    [Anonymous Symbol]                       0x20000fc0   Section        0  rgb.o(.bss.RGB_ls.state)
    STACK                                    0x20001bd8   Section    16384  startup_stm32f10x_hd.o(STACK)

    Global Symbols

    Symbol Name                              Value     Ov Type        Size  Object(Section)

    BuildAttributes$$THM_ISAv4$P$D$K$B$S$PE$A:L22UL41UL21$X:L11$S22US41US21$IEEE1$IW$~IW$USESV6$~STKCKD$USESV7$~SHL$OTIME$ROPI$IEEEX$EBA8$MICROLIB$REQ8$PRES8$EABIv2 0x00000000   Number         0  anon$$obj.o ABSOLUTE
    __cpp_initialize__aeabi_                  - Undefined Weak Reference
    __cxa_finalize                            - Undefined Weak Reference
    _clock_init                               - Undefined Weak Reference
    _microlib_exit                            - Undefined Weak Reference
    __Vectors_Size                           0x00000130   Number         0  startup_stm32f10x_hd.o ABSOLUTE
    __Vectors                                0x08000000   Data           4  startup_stm32f10x_hd.o(RESET)
    __Vectors_End                            0x08000130   Data           0  startup_stm32f10x_hd.o(RESET)
    __main                                   0x08000131   Thumb Code     0  entry.o(.ARM.Collect$$$$00000000)
    _main_stk                                0x08000131   Thumb Code     0  entry2.o(.ARM.Collect$$$$00000001)
    _main_scatterload                        0x08000135   Thumb Code     0  entry5.o(.ARM.Collect$$$$00000004)
    __main_after_scatterload                 0x08000139   Thumb Code     0  entry5.o(.ARM.Collect$$$$00000004)
    _main_clock                              0x08000139   Thumb Code     0  entry7b.o(.ARM.Collect$$$$00000008)
    _main_cpp_init                           0x08000139   Thumb Code     0  entry8b.o(.ARM.Collect$$$$0000000A)
    _main_init                               0x08000139   Thumb Code     0  entry9a.o(.ARM.Collect$$$$0000000B)
    __rt_final_cpp                           0x08000141   Thumb Code     0  entry10a.o(.ARM.Collect$$$$0000000D)
    __rt_final_exit                          0x08000141   Thumb Code     0  entry11a.o(.ARM.Collect$$$$0000000F)
    Reset_Handler                            0x08000145   Thumb Code     8  startup_stm32f10x_hd.o(.text)
    ADC1_2_IRQHandler                        0x0800015f   Thumb Code     0  startup_stm32f10x_hd.o(.text)
    ADC3_IRQHandler                          0x0800015f   Thumb Code     0  startup_stm32f10x_hd.o(.text)
    CAN1_RX1_IRQHandler                      0x0800015f   Thumb Code     0  startup_stm32f10x_hd.o(.text)
    CAN1_SCE_IRQHandler                      0x0800015f   Thumb Code     0  startup_stm32f10x_hd.o(.text)
    DMA1_Channel1_IRQHandler                 0x0800015f   Thumb Code     0  startup_stm32f10x_hd.o(.text)
    DMA1_Channel2_IRQHandler                 0x0800015f   Thumb Code     0  startup_stm32f10x_hd.o(.text)
    DMA1_Channel3_IRQHandler                 0x0800015f   Thumb Code     0  startup_stm32f10x_hd.o(.text)
    DMA1_Channel4_IRQHandler                 0x0800015f   Thumb Code     0  startup_stm32f10x_hd.o(.text)
    DMA1_Channel5_IRQHandler                 0x0800015f   Thumb Code     0  startup_stm32f10x_hd.o(.text)
    DMA1_Channel6_IRQHandler                 0x0800015f   Thumb Code     0  startup_stm32f10x_hd.o(.text)
    DMA1_Channel7_IRQHandler                 0x0800015f   Thumb Code     0  startup_stm32f10x_hd.o(.text)
    DMA2_Channel1_IRQHandler                 0x0800015f   Thumb Code     0  startup_stm32f10x_hd.o(.text)
    DMA2_Channel2_IRQHandler                 0x0800015f   Thumb Code     0  startup_stm32f10x_hd.o(.text)
    DMA2_Channel3_IRQHandler                 0x0800015f   Thumb Code     0  startup_stm32f10x_hd.o(.text)
    DMA2_Channel4_5_IRQHandler               0x0800015f   Thumb Code     0  startup_stm32f10x_hd.o(.text)
    EXTI0_IRQHandler                         0x0800015f   Thumb Code     0  startup_stm32f10x_hd.o(.text)
    EXTI15_10_IRQHandler                     0x0800015f   Thumb Code     0  startup_stm32f10x_hd.o(.text)
    EXTI1_IRQHandler                         0x0800015f   Thumb Code     0  startup_stm32f10x_hd.o(.text)
    EXTI2_IRQHandler                         0x0800015f   Thumb Code     0  startup_stm32f10x_hd.o(.text)
    EXTI3_IRQHandler                         0x0800015f   Thumb Code     0  startup_stm32f10x_hd.o(.text)
    EXTI4_IRQHandler                         0x0800015f   Thumb Code     0  startup_stm32f10x_hd.o(.text)
    EXTI9_5_IRQHandler                       0x0800015f   Thumb Code     0  startup_stm32f10x_hd.o(.text)
    FLASH_IRQHandler                         0x0800015f   Thumb Code     0  startup_stm32f10x_hd.o(.text)
    FSMC_IRQHandler                          0x0800015f   Thumb Code     0  startup_stm32f10x_hd.o(.text)
    I2C1_ER_IRQHandler                       0x0800015f   Thumb Code     0  startup_stm32f10x_hd.o(.text)
    I2C1_EV_IRQHandler                       0x0800015f   Thumb Code     0  startup_stm32f10x_hd.o(.text)
    I2C2_ER_IRQHandler                       0x0800015f   Thumb Code     0  startup_stm32f10x_hd.o(.text)
    I2C2_EV_IRQHandler                       0x0800015f   Thumb Code     0  startup_stm32f10x_hd.o(.text)
    PVD_IRQHandler                           0x0800015f   Thumb Code     0  startup_stm32f10x_hd.o(.text)
    RCC_IRQHandler                           0x0800015f   Thumb Code     0  startup_stm32f10x_hd.o(.text)
    RTCAlarm_IRQHandler                      0x0800015f   Thumb Code     0  startup_stm32f10x_hd.o(.text)
    RTC_IRQHandler                           0x0800015f   Thumb Code     0  startup_stm32f10x_hd.o(.text)
    SDIO_IRQHandler                          0x0800015f   Thumb Code     0  startup_stm32f10x_hd.o(.text)
    SPI1_IRQHandler                          0x0800015f   Thumb Code     0  startup_stm32f10x_hd.o(.text)
    SPI2_IRQHandler                          0x0800015f   Thumb Code     0  startup_stm32f10x_hd.o(.text)
    SPI3_IRQHandler                          0x0800015f   Thumb Code     0  startup_stm32f10x_hd.o(.text)
    TAMPER_IRQHandler                        0x0800015f   Thumb Code     0  startup_stm32f10x_hd.o(.text)
    TIM1_BRK_IRQHandler                      0x0800015f   Thumb Code     0  startup_stm32f10x_hd.o(.text)
    TIM1_CC_IRQHandler                       0x0800015f   Thumb Code     0  startup_stm32f10x_hd.o(.text)
    TIM1_TRG_COM_IRQHandler                  0x0800015f   Thumb Code     0  startup_stm32f10x_hd.o(.text)
    TIM1_UP_IRQHandler                       0x0800015f   Thumb Code     0  startup_stm32f10x_hd.o(.text)
    TIM2_IRQHandler                          0x0800015f   Thumb Code     0  startup_stm32f10x_hd.o(.text)
    TIM3_IRQHandler                          0x0800015f   Thumb Code     0  startup_stm32f10x_hd.o(.text)
    TIM4_IRQHandler                          0x0800015f   Thumb Code     0  startup_stm32f10x_hd.o(.text)
    TIM5_IRQHandler                          0x0800015f   Thumb Code     0  startup_stm32f10x_hd.o(.text)
    TIM6_IRQHandler                          0x0800015f   Thumb Code     0  startup_stm32f10x_hd.o(.text)
    TIM7_IRQHandler                          0x0800015f   Thumb Code     0  startup_stm32f10x_hd.o(.text)
    TIM8_BRK_IRQHandler                      0x0800015f   Thumb Code     0  startup_stm32f10x_hd.o(.text)
    TIM8_CC_IRQHandler                       0x0800015f   Thumb Code     0  startup_stm32f10x_hd.o(.text)
    TIM8_TRG_COM_IRQHandler                  0x0800015f   Thumb Code     0  startup_stm32f10x_hd.o(.text)
    TIM8_UP_IRQHandler                       0x0800015f   Thumb Code     0  startup_stm32f10x_hd.o(.text)
    UART4_IRQHandler                         0x0800015f   Thumb Code     0  startup_stm32f10x_hd.o(.text)
    UART5_IRQHandler                         0x0800015f   Thumb Code     0  startup_stm32f10x_hd.o(.text)
    USART2_IRQHandler                        0x0800015f   Thumb Code     0  startup_stm32f10x_hd.o(.text)
    USBWakeUp_IRQHandler                     0x0800015f   Thumb Code     0  startup_stm32f10x_hd.o(.text)
    USB_HP_CAN1_TX_IRQHandler                0x0800015f   Thumb Code     0  startup_stm32f10x_hd.o(.text)
    USB_LP_CAN1_RX0_IRQHandler               0x0800015f   Thumb Code     0  startup_stm32f10x_hd.o(.text)
    WWDG_IRQHandler                          0x0800015f   Thumb Code     0  startup_stm32f10x_hd.o(.text)
    __aeabi_memcpy                           0x08000169   Thumb Code    36  memcpya.o(.text)
    __aeabi_memcpy4                          0x08000169   Thumb Code     0  memcpya.o(.text)
    __aeabi_memcpy8                          0x08000169   Thumb Code     0  memcpya.o(.text)
    __aeabi_memset                           0x0800018d   Thumb Code    14  memseta.o(.text)
    __aeabi_memset4                          0x0800018d   Thumb Code     0  memseta.o(.text)
    __aeabi_memset8                          0x0800018d   Thumb Code     0  memseta.o(.text)
    __aeabi_memclr                           0x0800019b   Thumb Code     4  memseta.o(.text)
    __aeabi_memclr4                          0x0800019b   Thumb Code     0  memseta.o(.text)
    __aeabi_memclr8                          0x0800019b   Thumb Code     0  memseta.o(.text)
    _memset$wrapper                          0x0800019f   Thumb Code    18  memseta.o(.text)
    strstr                                   0x080001b1   Thumb Code    36  strstr.o(.text)
    strlen                                   0x080001d5   Thumb Code    14  strlen.o(.text)
    __aeabi_dadd                             0x080001e3   Thumb Code   322  dadd.o(.text)
    __aeabi_dsub                             0x08000325   Thumb Code     6  dadd.o(.text)
    __aeabi_drsub                            0x0800032b   Thumb Code     6  dadd.o(.text)
    __aeabi_dmul                             0x08000331   Thumb Code   228  dmul.o(.text)
    __aeabi_ddiv                             0x08000415   Thumb Code   222  ddiv.o(.text)
    __aeabi_uidiv                            0x080004f3   Thumb Code     0  uidiv.o(.text)
    __aeabi_uidivmod                         0x080004f3   Thumb Code    44  uidiv.o(.text)
    __aeabi_uldivmod                         0x0800051f   Thumb Code    98  uldiv.o(.text)
    __aeabi_llsl                             0x08000581   Thumb Code    30  llshl.o(.text)
    _ll_shift_l                              0x08000581   Thumb Code     0  llshl.o(.text)
    __aeabi_llsr                             0x0800059f   Thumb Code    32  llushr.o(.text)
    _ll_ushift_r                             0x0800059f   Thumb Code     0  llushr.o(.text)
    __aeabi_lasr                             0x080005bf   Thumb Code    36  llsshr.o(.text)
    _ll_sshift_r                             0x080005bf   Thumb Code     0  llsshr.o(.text)
    __I$use$fp                               0x080005e3   Thumb Code     0  iusefp.o(.text)
    _double_round                            0x080005e3   Thumb Code    30  depilogue.o(.text)
    _double_epilogue                         0x08000601   Thumb Code   156  depilogue.o(.text)
    __aeabi_d2ulz                            0x0800069d   Thumb Code    48  dfixul.o(.text)
    __aeabi_cdrcmple                         0x080006cd   Thumb Code    48  cdrcmple.o(.text)
    __scatterload                            0x080006fd   Thumb Code    28  init.o(.text)
    __scatterload_rt2                        0x080006fd   Thumb Code     0  init.o(.text)
    __decompress                             0x08000721   Thumb Code     0  __dclz77c.o(.text)
    __decompress2                            0x08000721   Thumb Code    94  __dclz77c.o(.text)
    ADC_Cmd                                  0x08000781   Thumb Code    44  stm32f10x_adc.o(.text.ADC_Cmd)
    ADC_Config                               0x080007ad   Thumb Code   184  adc.o(.text.ADC_Config)
    ADC_GetConversionValue                   0x08000865   Thumb Code    14  stm32f10x_adc.o(.text.ADC_GetConversionValue)
    ADC_GetFlagStatus                        0x08000875   Thumb Code    52  stm32f10x_adc.o(.text.ADC_GetFlagStatus)
    ADC_GetResetCalibrationStatus            0x080008a9   Thumb Code    46  stm32f10x_adc.o(.text.ADC_GetResetCalibrationStatus)
    ADC_GetValue                             0x080008d9   Thumb Code    64  adc.o(.text.ADC_GetValue)
    ADC_Init                                 0x08000919   Thumb Code   154  stm32f10x_adc.o(.text.ADC_Init)
    ADC_RegularChannelConfig                 0x080009b5   Thumb Code   380  stm32f10x_adc.o(.text.ADC_RegularChannelConfig)
    ADC_ResetCalibration                     0x08000b31   Thumb Code    18  stm32f10x_adc.o(.text.ADC_ResetCalibration)
    ADC_SoftwareStartConvCmd                 0x08000b45   Thumb Code    44  stm32f10x_adc.o(.text.ADC_SoftwareStartConvCmd)
    ADC_StartCalibration                     0x08000b71   Thumb Code    18  stm32f10x_adc.o(.text.ADC_StartCalibration)
    ASCII_NUM                                0x08000b85   Thumb Code    42  zi.o(.text.ASCII_NUM)
    AliIOT_ConnetServer                      0x08000bb1   Thumb Code   100  aliyun.o(.text.AliIOT_ConnetServer)
    AliIOT_DataConfig                        0x08000c15   Thumb Code   346  aliyun.o(.text.AliIOT_DataConfig)
    All_VlaueReset                           0x08000d71   Thumb Code    72  app.o(.text.All_VlaueReset)
    Beep_Config                              0x08000db9   Thumb Code    52  beep.o(.text.Beep_Config)
    BusFault_Handler                         0x08000ded   Thumb Code     4  stm32f10x_it.o(.text.BusFault_Handler)
    Card_GetNumber                           0x08000df1   Thumb Code   142  iccard.o(.text.Card_GetNumber)
    Card_PurseInit                           0x08000e81   Thumb Code   168  iccard.o(.text.Card_PurseInit)
    Card_PurseInit_Int                       0x08000f29   Thumb Code    90  iccard.o(.text.Card_PurseInit_Int)
    Card_VerifyKeyA                          0x08000f85   Thumb Code    58  iccard.o(.text.Card_VerifyKeyA)
    Charge_Choose_Num                        0x08000fc1   Thumb Code   332  app.o(.text.Charge_Choose_Num)
    Charge_Choose_View                       0x0800110d   Thumb Code   200  app.o(.text.Charge_Choose_View)
    Charge_View                              0x080011d5   Thumb Code   414  app.o(.text.Charge_View)
    DHT11_Config                             0x08001375   Thumb Code    68  dht11.o(.text.DHT11_Config)
    DHT11_ReadData                           0x080013b9   Thumb Code   368  dht11.o(.text.DHT11_ReadData)
    DebugMon_Handler                         0x08001529   Thumb Code     2  stm32f10x_it.o(.text.DebugMon_Handler)
    Delay_Config                             0x08001565   Thumb Code    26  delay.o(.text.Delay_Config)
    Delay_ms                                 0x08001581   Thumb Code    46  delay.o(.text.Delay_ms)
    Delay_msnop                              0x080015b1   Thumb Code    32  delay.o(.text.Delay_msnop)
    Delay_usnop                              0x080015d1   Thumb Code   168  delay.o(.text.Delay_usnop)
    Draw_Text_8_16_Str                       0x08001679   Thumb Code   364  lcd.o(.text.Draw_Text_8_16_Str)
    ESP8266_Config                           0x080017e5   Thumb Code   234  esp8266.o(.text.ESP8266_Config)
    ESP8266_SendCmd                          0x080018d1   Thumb Code   106  esp8266.o(.text.ESP8266_SendCmd)
    FSMC_NORSRAMCmd                          0x0800193d   Thumb Code    66  stm32f10x_fsmc.o(.text.FSMC_NORSRAMCmd)
    FSMC_NORSRAMInit                         0x08001981   Thumb Code   250  stm32f10x_fsmc.o(.text.FSMC_NORSRAMInit)
    FindStr                                  0x08001a7d   Thumb Code    76  esp8266.o(.text.FindStr)
    Func_Add                                 0x08001ac9   Thumb Code   160  app.o(.text.Func_Add)
    Func_Charging                            0x08001b69   Thumb Code   176  app.o(.text.Func_Charging)
    Func_Sub                                 0x08001c19   Thumb Code   156  app.o(.text.Func_Sub)
    GB16_NUM                                 0x08001cb5   Thumb Code    42  zi.o(.text.GB16_NUM)
    GPIO_Init                                0x08001ce1   Thumb Code   390  stm32f10x_gpio.o(.text.GPIO_Init)
    GPIO_PinRemapConfig                      0x08001e69   Thumb Code   250  stm32f10x_gpio.o(.text.GPIO_PinRemapConfig)
    GPIO_ReadInputDataBit                    0x08001f65   Thumb Code    52  stm32f10x_gpio.o(.text.GPIO_ReadInputDataBit)
    GPIO_ReadOutputDataBit                   0x08001f99   Thumb Code    52  stm32f10x_gpio.o(.text.GPIO_ReadOutputDataBit)
    GPIO_ResetBits                           0x08001fcd   Thumb Code    20  stm32f10x_gpio.o(.text.GPIO_ResetBits)
    GPIO_SetBits                             0x08001fe1   Thumb Code    20  stm32f10x_gpio.o(.text.GPIO_SetBits)
    GPIO_WriteBit                            0x08001ff5   Thumb Code    44  stm32f10x_gpio.o(.text.GPIO_WriteBit)
    HardFault_Handler                        0x08002021   Thumb Code     4  stm32f10x_it.o(.text.HardFault_Handler)
    Key_Config                               0x08002045   Thumb Code    60  key.o(.text.Key_Config)
    Key_GetValue                             0x08002081   Thumb Code   322  key.o(.text.Key_GetValue)
    LCD_Clear                                0x080021c5   Thumb Code    88  lcd.o(.text.LCD_Clear)
    LCD_DisplayOn                            0x0800221d   Thumb Code    18  lcd.o(.text.LCD_DisplayOn)
    LCD_Display_Dir                          0x08002231   Thumb Code   196  lcd.o(.text.LCD_Display_Dir)
    LCD_DrawPoint                            0x080022f5   Thumb Code    50  lcd.o(.text.LCD_DrawPoint)
    LCD_FSMC_Config                          0x08002329   Thumb Code   120  lcd.o(.text.LCD_FSMC_Config)
    LCD_Fill                                 0x080023a1   Thumb Code   158  lcd.o(.text.LCD_Fill)
    LCD_GPIO_Config                          0x08002441   Thumb Code   190  lcd.o(.text.LCD_GPIO_Config)
    LCD_Init                                 0x08002501   Thumb Code    34  lcd.o(.text.LCD_Init)
    LCD_RD_DATA                              0x08002525   Thumb Code    12  lcd.o(.text.LCD_RD_DATA)
    LCD_ReadReg                              0x08002531   Thumb Code    30  lcd.o(.text.LCD_ReadReg)
    LCD_Scan_Dir                             0x08002551   Thumb Code   606  lcd.o(.text.LCD_Scan_Dir)
    LCD_SetCursor                            0x080027b1   Thumb Code   118  lcd.o(.text.LCD_SetCursor)
    LCD_Show_Photo                           0x08002829   Thumb Code   136  lcd.o(.text.LCD_Show_Photo)
    LCD_WR_DATA                              0x080028b1   Thumb Code    24  lcd.o(.text.LCD_WR_DATA)
    LCD_WR_REG                               0x080028c9   Thumb Code    24  lcd.o(.text.LCD_WR_REG)
    LCD_WriteRAM_Prepare                     0x080028e1   Thumb Code    22  lcd.o(.text.LCD_WriteRAM_Prepare)
    LCD_WriteReg                             0x080028f9   Thumb Code    42  lcd.o(.text.LCD_WriteReg)
    LCD_init_RGB                             0x08002925   Thumb Code   776  lcd.o(.text.LCD_init_RGB)
    LED_Config                               0x08002c2d   Thumb Code    94  led.o(.text.LED_Config)
    MFRC522_Add_IC                           0x08002c8d   Thumb Code   192  mfrc522.o(.text.MFRC522_Add_IC)
    MFRC522_Add_IC1                          0x08002d4d   Thumb Code   190  mfrc522.o(.text.MFRC522_Add_IC1)
    MFRC_CalulateCRC                         0x08002e0d   Thumb Code   178  mfrc522.o(.text.MFRC_CalulateCRC)
    MFRC_ClrBitMask                          0x08002ec1   Thumb Code    46  mfrc522.o(.text.MFRC_ClrBitMask)
    MFRC_CmdFrame                            0x08002ef1   Thumb Code   528  mfrc522.o(.text.MFRC_CmdFrame)
    MFRC_Init                                0x08003101   Thumb Code     8  mfrc522.o(.text.MFRC_Init)
    MFRC_ReadReg                             0x08003109   Thumb Code    66  mfrc522.o(.text.MFRC_ReadReg)
    MFRC_SetBitMask                          0x0800314d   Thumb Code    46  mfrc522.o(.text.MFRC_SetBitMask)
    MFRC_WriteReg                            0x0800317d   Thumb Code    66  mfrc522.o(.text.MFRC_WriteReg)
    MQTTPacket_encode                        0x080031c1   Thumb Code    94  mqttpacket.o(.text.MQTTPacket_encode)
    MQTTPacket_len                           0x08003221   Thumb Code    86  mqttpacket.o(.text.MQTTPacket_len)
    MQTTSerialize_connect                    0x08003279   Thumb Code   496  mqttconnectclient.o(.text.MQTTSerialize_connect)
    MQTTSerialize_connectLength              0x08003469   Thumb Code   196  mqttconnectclient.o(.text.MQTTSerialize_connectLength)
    MQTTSerialize_publish                    0x0800352d   Thumb Code   284  mqttserializepublish.o(.text.MQTTSerialize_publish)
    MQTTSerialize_publishLength              0x08003649   Thumb Code    64  mqttserializepublish.o(.text.MQTTSerialize_publishLength)
    MQTTstrlen                               0x08003689   Thumb Code    42  mqttpacket.o(.text.MQTTstrlen)
    MemManage_Handler                        0x080036b5   Thumb Code     4  stm32f10x_it.o(.text.MemManage_Handler)
    MyMQTT_Connect                           0x080036b9   Thumb Code   232  aliyun.o(.text.MyMQTT_Connect)
    MyMQTT_Publish                           0x080037a1   Thumb Code   190  aliyun.o(.text.MyMQTT_Publish)
    NMI_Handler                              0x08003861   Thumb Code     2  stm32f10x_it.o(.text.NMI_Handler)
    NVIC_Init                                0x08003865   Thumb Code   170  misc.o(.text.NVIC_Init)
    PCD_AntennaOff                           0x08003911   Thumb Code    12  mfrc522.o(.text.PCD_AntennaOff)
    PCD_AntennaOn                            0x0800391d   Thumb Code    38  mfrc522.o(.text.PCD_AntennaOn)
    PCD_Anticoll                             0x08003945   Thumb Code   186  mfrc522.o(.text.PCD_Anticoll)
    PCD_AuthState                            0x08003a01   Thumb Code   190  mfrc522.o(.text.PCD_AuthState)
    PCD_Init                                 0x08003ac1   Thumb Code    12  mfrc522.o(.text.PCD_Init)
    PCD_Request                              0x08003acd   Thumb Code   110  mfrc522.o(.text.PCD_Request)
    PCD_Reset                                0x08003b3d   Thumb Code   134  mfrc522.o(.text.PCD_Reset)
    PCD_Select                               0x08003bc5   Thumb Code   174  mfrc522.o(.text.PCD_Select)
    PCD_WriteBlock                           0x08003c75   Thumb Code   244  mfrc522.o(.text.PCD_WriteBlock)
    PendSV_Handler                           0x08003d69   Thumb Code     2  stm32f10x_it.o(.text.PendSV_Handler)
    RCC_ADCCLKConfig                         0x08003d6d   Thumb Code    44  stm32f10x_rcc.o(.text.RCC_ADCCLKConfig)
    RCC_AHBPeriphClockCmd                    0x08003d99   Thumb Code    56  stm32f10x_rcc.o(.text.RCC_AHBPeriphClockCmd)
    RCC_APB1PeriphClockCmd                   0x08003dd1   Thumb Code    56  stm32f10x_rcc.o(.text.RCC_APB1PeriphClockCmd)
    RCC_APB2PeriphClockCmd                   0x08003e09   Thumb Code    56  stm32f10x_rcc.o(.text.RCC_APB2PeriphClockCmd)
    RCC_GetClocksFreq                        0x08003e41   Thumb Code   370  stm32f10x_rcc.o(.text.RCC_GetClocksFreq)
    RGB_Config                               0x08003fb5   Thumb Code    76  rgb.o(.text.RGB_Config)
    RGB_ls                                   0x08004001   Thumb Code   216  rgb.o(.text.RGB_ls)
    SPI_RC522_Init                           0x080040d9   Thumb Code   196  spi.o(.text.SPI_RC522_Init)
    SVC_Handler                              0x0800419d   Thumb Code     2  stm32f10x_it.o(.text.SVC_Handler)
    Soft_SPI_Read                            0x080042cd   Thumb Code   126  spi.o(.text.Soft_SPI_Read)
    Soft_SPI_Write                           0x0800434d   Thumb Code   146  spi.o(.text.Soft_SPI_Write)
    SysTick_Handler                          0x08004435   Thumb Code   452  delay.o(.text.SysTick_Handler)
    SystemInit                               0x080045f9   Thumb Code   102  system_stm32f10x.o(.text.SystemInit)
    USART1_Config                            0x08004661   Thumb Code   142  usart1.o(.text.USART1_Config)
    USART1_IRQHandler                        0x080046f1   Thumb Code   154  usart1.o(.text.USART1_IRQHandler)
    USART3_IRQHandler                        0x0800478d   Thumb Code   272  esp8266.o(.text.USART3_IRQHandler)
    USART_ClearITPendingBit                  0x0800489d   Thumb Code    68  stm32f10x_usart.o(.text.USART_ClearITPendingBit)
    USART_Cmd                                0x080048e1   Thumb Code    44  stm32f10x_usart.o(.text.USART_Cmd)
    USART_GetFlagStatus                      0x0800490d   Thumb Code    68  stm32f10x_usart.o(.text.USART_GetFlagStatus)
    USART_GetITStatus                        0x08004951   Thumb Code   176  stm32f10x_usart.o(.text.USART_GetITStatus)
    USART_ITConfig                           0x08004a01   Thumb Code   146  stm32f10x_usart.o(.text.USART_ITConfig)
    USART_Init                               0x08004a95   Thumb Code   348  stm32f10x_usart.o(.text.USART_Init)
    USART_ReceiveData                        0x08004bf1   Thumb Code    16  stm32f10x_usart.o(.text.USART_ReceiveData)
    USART_SendData                           0x08004c01   Thumb Code    24  stm32f10x_usart.o(.text.USART_SendData)
    Up_Data                                  0x08004c19   Thumb Code   120  aliyun.o(.text.Up_Data)
    UsageFault_Handler                       0x08004c91   Thumb Code     4  stm32f10x_it.o(.text.UsageFault_Handler)
    Usart3_SendByte                          0x08004c95   Thumb Code    50  esp8266.o(.text.Usart3_SendByte)
    Usart3_SendStr                           0x08004cc9   Thumb Code    66  esp8266.o(.text.Usart3_SendStr)
    WIFI_ClearDat                            0x08004d0d   Thumb Code    38  esp8266.o(.text.WIFI_ClearDat)
    WIFI_CloseTransmission                   0x08004d35   Thumb Code    44  esp8266.o(.text.WIFI_CloseTransmission)
    WIFI_ConnectServer                       0x08004d61   Thumb Code   218  esp8266.o(.text.WIFI_ConnectServer)
    WIFI_SendBuff                            0x08004e3d   Thumb Code    74  esp8266.o(.text.WIFI_SendBuff)
    Wifi_Init                                0x08004e89   Thumb Code   130  esp8266.o(.text.Wifi_Init)
    fputc                                    0x08004fc5   Thumb Code    52  usart1.o(.text.fputc)
    main                                     0x08004ff9   Thumb Code  1104  main.o(.text.main)
    show_xXx                                 0x08005449   Thumb Code   216  lcd.o(.text.show_xXx)
    utils_hb2hex                             0x08005521   Thumb Code    56  utils_md5.o(.text.utils_hb2hex)
    utils_hmac_sha1                          0x08005559   Thumb Code   294  utils_hmac.o(.text.utils_hmac_sha1)
    utils_sha1_finish                        0x08005681   Thumb Code   332  utils_sha1.o(.text.utils_sha1_finish)
    utils_sha1_init                          0x080057cd   Thumb Code    18  utils_sha1.o(.text.utils_sha1_init)
    utils_sha1_process                       0x080057e1   Thumb Code  5598  utils_sha1.o(.text.utils_sha1_process)
    utils_sha1_starts                        0x08006dc1   Thumb Code    78  utils_sha1.o(.text.utils_sha1_starts)
    utils_sha1_update                        0x08006e11   Thumb Code   192  utils_sha1.o(.text.utils_sha1_update)
    writeCString                             0x08006ed1   Thumb Code    50  mqttpacket.o(.text.writeCString)
    writeChar                                0x08006f05   Thumb Code    30  mqttpacket.o(.text.writeChar)
    writeInt                                 0x08006f25   Thumb Code    50  mqttpacket.o(.text.writeInt)
    writeMQTTString                          0x08006f59   Thumb Code    84  mqttpacket.o(.text.writeMQTTString)
    __0printf                                0x08006fad   Thumb Code    22  printfa.o(i.__0printf)
    __1printf                                0x08006fad   Thumb Code     0  printfa.o(i.__0printf)
    __2printf                                0x08006fad   Thumb Code     0  printfa.o(i.__0printf)
    __c89printf                              0x08006fad   Thumb Code     0  printfa.o(i.__0printf)
    printf                                   0x08006fad   Thumb Code     0  printfa.o(i.__0printf)
    __0sprintf                               0x08006fcd   Thumb Code    34  printfa.o(i.__0sprintf)
    __1sprintf                               0x08006fcd   Thumb Code     0  printfa.o(i.__0sprintf)
    __2sprintf                               0x08006fcd   Thumb Code     0  printfa.o(i.__0sprintf)
    __c89sprintf                             0x08006fcd   Thumb Code     0  printfa.o(i.__0sprintf)
    sprintf                                  0x08006fcd   Thumb Code     0  printfa.o(i.__0sprintf)
    __scatterload_copy                       0x08006ff5   Thumb Code    14  handlers.o(i.__scatterload_copy)
    __scatterload_null                       0x08007003   Thumb Code     2  handlers.o(i.__scatterload_null)
    __scatterload_zeroinit                   0x08007005   Thumb Code    14  handlers.o(i.__scatterload_zeroinit)
    gImage_money                             0x08007950   Data        1808  app.o(.rodata.gImage_money)
    gImage_power                             0x08008060   Data        1808  app.o(.rodata.gImage_power)
    gImage_time                              0x08008770   Data        1748  app.o(.rodata.gImage_time)
    Region$$Table$$Base                      0x08009384   Number         0  anon$$obj.o(Region$$Table)
    Region$$Table$$Limit                     0x080093a4   Number         0  anon$$obj.o(Region$$Table)
    __stdout                                 0x20000000   Data           4  stdout.o(.data)
    Default_Key                              0x20000004   Data           6  iccard.o(.data.Default_Key)
    car_power                                0x2000000a   Data           2  app.o(.data.car_power)
    card_money                               0x2000000c   Data           2  mfrc522.o(.data.card_money)
    charge_stepvalue                         0x2000000e   Data           3  app.o(.data.charge_stepvalue)
    charger_way                              0x20000014   Data          36  app.o(.data.charger_way)
    choose_no                                0x20000038   Data           1  app.o(.data.choose_no)
    hz                                       0x20000039   Data        1376  zi.o(.data.hz)
    hz_index                                 0x20000599   Data          87  zi.o(.data.hz_index)
    p_charge_num                             0x200005f0   Data          12  app.o(.data.p_charge_num)
    zf                                       0x200005fc   Data        1488  zi.o(.data.zf)
    zf_index                                 0x20000bcc   Data          94  zi.o(.data.zf_index)
    Ali_Buf                                  0x20000c30   Data         904  aliyun.o(.bss.Ali_Buf)
    Get_ID_Card                              0x20000fbb   Data           4  iccard.o(.bss.Get_ID_Card)
    adc_data                                 0x20000fc2   Data           2  adc.o(.bss.adc_data)
    cardtime                                 0x20000fc4   Data           4  delay.o(.bss.cardtime)
    charge_money                             0x20000fc8   Data           2  app.o(.bss.charge_money)
    charge_power                             0x20000fca   Data           2  app.o(.bss.charge_power)
    charge_time                              0x20000fcc   Data           2  app.o(.bss.charge_time)
    charger_buf                              0x20000fce   Data        1024  esp8266.o(.bss.charger_buf)
    choose_mode                              0x200013ce   Data           1  app.o(.bss.choose_mode)
    device1                                  0x200013d0   Data          10  app.o(.bss.device1)
    dht11_data                               0x200013da   Data           2  dht11.o(.bss.dht11_data)
    dht11time                                0x200013dc   Data           4  delay.o(.bss.dht11time)
    init_status                              0x200013e0   Data           2  delay.o(.bss.init_status)
    inittime                                 0x200013e4   Data           4  delay.o(.bss.inittime)
    keytime                                  0x200013e8   Data           4  delay.o(.bss.keytime)
    lcddev                                   0x200013ec   Data          10  lcd.o(.bss.lcddev)
    led1_status                              0x200013f6   Data           1  led.o(.bss.led1_status)
    ledtime                                  0x200013f8   Data           4  delay.o(.bss.ledtime)
    runtime                                  0x200013fc   Data           4  delay.o(.bss.runtime)
    total_money                              0x20001400   Data           4  app.o(.bss.total_money)
    wifi_data                                0x20001404   Data        2004  esp8266.o(.bss.wifi_data)
    __initial_sp                             0x20005bd8   Data           0  startup_stm32f10x_hd.o(STACK)



==============================================================================

Memory Map of the image

  Image Entry point : 0x08000131

  Load Region LR_IROM1 (Base: 0x08000000, Size: 0x00009fd8, Max: 0x00080000, ABSOLUTE, COMPRESSED[0x00009be0])

    Execution Region ER_IROM1 (Exec base: 0x08000000, Load base: 0x08000000, Size: 0x000093a4, Max: 0x00080000, ABSOLUTE)

    Exec Addr    Load Addr    Size         Type   Attr      Idx    E Section Name        Object

    0x08000000   0x08000000   0x00000130   Data   RO            3    RESET               startup_stm32f10x_hd.o
    0x08000130   0x08000130   0x00000000   Code   RO         2134  * .ARM.Collect$$$$00000000  mc_w.l(entry.o)
    0x08000130   0x08000130   0x00000004   Code   RO         2264    .ARM.Collect$$$$00000001  mc_w.l(entry2.o)
    0x08000134   0x08000134   0x00000004   Code   RO         2267    .ARM.Collect$$$$00000004  mc_w.l(entry5.o)
    0x08000138   0x08000138   0x00000000   Code   RO         2269    .ARM.Collect$$$$00000008  mc_w.l(entry7b.o)
    0x08000138   0x08000138   0x00000000   Code   RO         2271    .ARM.Collect$$$$0000000A  mc_w.l(entry8b.o)
    0x08000138   0x08000138   0x00000008   Code   RO         2272    .ARM.Collect$$$$0000000B  mc_w.l(entry9a.o)
    0x08000140   0x08000140   0x00000000   Code   RO         2274    .ARM.Collect$$$$0000000D  mc_w.l(entry10a.o)
    0x08000140   0x08000140   0x00000000   Code   RO         2276    .ARM.Collect$$$$0000000F  mc_w.l(entry11a.o)
    0x08000140   0x08000140   0x00000004   Code   RO         2265    .ARM.Collect$$$$00002712  mc_w.l(entry2.o)
    0x08000144   0x08000144   0x00000024   Code   RO            4    .text               startup_stm32f10x_hd.o
    0x08000168   0x08000168   0x00000024   Code   RO         2139    .text               mc_w.l(memcpya.o)
    0x0800018c   0x0800018c   0x00000024   Code   RO         2141    .text               mc_w.l(memseta.o)
    0x080001b0   0x080001b0   0x00000024   Code   RO         2143    .text               mc_w.l(strstr.o)
    0x080001d4   0x080001d4   0x0000000e   Code   RO         2145    .text               mc_w.l(strlen.o)
    0x080001e2   0x080001e2   0x0000014e   Code   RO         2217    .text               mf_w.l(dadd.o)
    0x08000330   0x08000330   0x000000e4   Code   RO         2219    .text               mf_w.l(dmul.o)
    0x08000414   0x08000414   0x000000de   Code   RO         2221    .text               mf_w.l(ddiv.o)
    0x080004f2   0x080004f2   0x0000002c   Code   RO         2288    .text               mc_w.l(uidiv.o)
    0x0800051e   0x0800051e   0x00000062   Code   RO         2290    .text               mc_w.l(uldiv.o)
    0x08000580   0x08000580   0x0000001e   Code   RO         2292    .text               mc_w.l(llshl.o)
    0x0800059e   0x0800059e   0x00000020   Code   RO         2294    .text               mc_w.l(llushr.o)
    0x080005be   0x080005be   0x00000024   Code   RO         2296    .text               mc_w.l(llsshr.o)
    0x080005e2   0x080005e2   0x00000000   Code   RO         2323    .text               mc_w.l(iusefp.o)
    0x080005e2   0x080005e2   0x000000ba   Code   RO         2326    .text               mf_w.l(depilogue.o)
    0x0800069c   0x0800069c   0x00000030   Code   RO         2328    .text               mf_w.l(dfixul.o)
    0x080006cc   0x080006cc   0x00000030   Code   RO         2330    .text               mf_w.l(cdrcmple.o)
    0x080006fc   0x080006fc   0x00000024   Code   RO         2336    .text               mc_w.l(init.o)
    0x08000720   0x08000720   0x0000005e   Code   RO         2361    .text               mc_w.l(__dclz77c.o)
    0x0800077e   0x0800077e   0x00000002   PAD
    0x08000780   0x08000780   0x0000002c   Code   RO           34    .text.ADC_Cmd       stm32f10x_adc.o
    0x080007ac   0x080007ac   0x000000b8   Code   RO         1284    .text.ADC_Config    adc.o
    0x08000864   0x08000864   0x0000000e   Code   RO           60    .text.ADC_GetConversionValue  stm32f10x_adc.o
    0x08000872   0x08000872   0x00000002   PAD
    0x08000874   0x08000874   0x00000034   Code   RO           92    .text.ADC_GetFlagStatus  stm32f10x_adc.o
    0x080008a8   0x080008a8   0x0000002e   Code   RO           42    .text.ADC_GetResetCalibrationStatus  stm32f10x_adc.o
    0x080008d6   0x080008d6   0x00000002   PAD
    0x080008d8   0x080008d8   0x00000040   Code   RO         1286    .text.ADC_GetValue  adc.o
    0x08000918   0x08000918   0x0000009a   Code   RO           30    .text.ADC_Init      stm32f10x_adc.o
    0x080009b2   0x080009b2   0x00000002   PAD
    0x080009b4   0x080009b4   0x0000017c   Code   RO           56    .text.ADC_RegularChannelConfig  stm32f10x_adc.o
    0x08000b30   0x08000b30   0x00000012   Code   RO           40    .text.ADC_ResetCalibration  stm32f10x_adc.o
    0x08000b42   0x08000b42   0x00000002   PAD
    0x08000b44   0x08000b44   0x0000002c   Code   RO           48    .text.ADC_SoftwareStartConvCmd  stm32f10x_adc.o
    0x08000b70   0x08000b70   0x00000012   Code   RO           44    .text.ADC_StartCalibration  stm32f10x_adc.o
    0x08000b82   0x08000b82   0x00000002   PAD
    0x08000b84   0x08000b84   0x0000002a   Code   RO         1690    .text.ASCII_NUM     zi.o
    0x08000bae   0x08000bae   0x00000002   PAD
    0x08000bb0   0x08000bb0   0x00000064   Code   RO         1580    .text.AliIOT_ConnetServer  aliyun.o
    0x08000c14   0x08000c14   0x0000015a   Code   RO         1578    .text.AliIOT_DataConfig  aliyun.o
    0x08000d6e   0x08000d6e   0x00000002   PAD
    0x08000d70   0x08000d70   0x00000048   Code   RO         1837    .text.All_VlaueReset  app.o
    0x08000db8   0x08000db8   0x00000034   Code   RO         1216    .text.Beep_Config   beep.o
    0x08000dec   0x08000dec   0x00000004   Code   RO         1141    .text.BusFault_Handler  stm32f10x_it.o
    0x08000df0   0x08000df0   0x0000008e   Code   RO         1705    .text.Card_GetNumber  iccard.o
    0x08000e7e   0x08000e7e   0x00000002   PAD
    0x08000e80   0x08000e80   0x000000a8   Code   RO         1715    .text.Card_PurseInit  iccard.o
    0x08000f28   0x08000f28   0x0000005a   Code   RO         1727    .text.Card_PurseInit_Int  iccard.o
    0x08000f82   0x08000f82   0x00000002   PAD
    0x08000f84   0x08000f84   0x0000003a   Code   RO         1707    .text.Card_VerifyKeyA  iccard.o
    0x08000fbe   0x08000fbe   0x00000002   PAD
    0x08000fc0   0x08000fc0   0x0000014c   Code   RO         1829    .text.Charge_Choose_Num  app.o
    0x0800110c   0x0800110c   0x000000c8   Code   RO         1827    .text.Charge_Choose_View  app.o
    0x080011d4   0x080011d4   0x0000019e   Code   RO         1825    .text.Charge_View   app.o
    0x08001372   0x08001372   0x00000002   PAD
    0x08001374   0x08001374   0x00000044   Code   RO         1271    .text.DHT11_Config  dht11.o
    0x080013b8   0x080013b8   0x00000170   Code   RO         1273    .text.DHT11_ReadData  dht11.o
    0x08001528   0x08001528   0x00000002   Code   RO         1147    .text.DebugMon_Handler  stm32f10x_it.o
    0x0800152a   0x0800152a   0x00000002   PAD
    0x0800152c   0x0800152c   0x00000036   Code   RO         1637    .text.Delay         lcd.o
    0x08001562   0x08001562   0x00000002   PAD
    0x08001564   0x08001564   0x0000001a   Code   RO         1171    .text.Delay_Config  delay.o
    0x0800157e   0x0800157e   0x00000002   PAD
    0x08001580   0x08001580   0x0000002e   Code   RO         1177    .text.Delay_ms      delay.o
    0x080015ae   0x080015ae   0x00000002   PAD
    0x080015b0   0x080015b0   0x00000020   Code   RO         1181    .text.Delay_msnop   delay.o
    0x080015d0   0x080015d0   0x000000a8   Code   RO         1179    .text.Delay_usnop   delay.o
    0x08001678   0x08001678   0x0000016c   Code   RO         1659    .text.Draw_Text_8_16_Str  lcd.o
    0x080017e4   0x080017e4   0x000000ea   Code   RO         1542    .text.ESP8266_Config  esp8266.o
    0x080018ce   0x080018ce   0x00000002   PAD
    0x080018d0   0x080018d0   0x0000006a   Code   RO         1554    .text.ESP8266_SendCmd  esp8266.o
    0x0800193a   0x0800193a   0x00000002   PAD
    0x0800193c   0x0800193c   0x00000042   Code   RO          426    .text.FSMC_NORSRAMCmd  stm32f10x_fsmc.o
    0x0800197e   0x0800197e   0x00000002   PAD
    0x08001980   0x08001980   0x000000fa   Code   RO          414    .text.FSMC_NORSRAMInit  stm32f10x_fsmc.o
    0x08001a7a   0x08001a7a   0x00000002   PAD
    0x08001a7c   0x08001a7c   0x0000004c   Code   RO         1552    .text.FindStr       esp8266.o
    0x08001ac8   0x08001ac8   0x000000a0   Code   RO         1831    .text.Func_Add      app.o
    0x08001b68   0x08001b68   0x000000b0   Code   RO         1835    .text.Func_Charging  app.o
    0x08001c18   0x08001c18   0x0000009c   Code   RO         1833    .text.Func_Sub      app.o
    0x08001cb4   0x08001cb4   0x0000002a   Code   RO         1692    .text.GB16_NUM      zi.o
    0x08001cde   0x08001cde   0x00000002   PAD
    0x08001ce0   0x08001ce0   0x00000186   Code   RO          457    .text.GPIO_Init     stm32f10x_gpio.o
    0x08001e66   0x08001e66   0x00000002   PAD
    0x08001e68   0x08001e68   0x000000fa   Code   RO          483    .text.GPIO_PinRemapConfig  stm32f10x_gpio.o
    0x08001f62   0x08001f62   0x00000002   PAD
    0x08001f64   0x08001f64   0x00000034   Code   RO          461    .text.GPIO_ReadInputDataBit  stm32f10x_gpio.o
    0x08001f98   0x08001f98   0x00000034   Code   RO          465    .text.GPIO_ReadOutputDataBit  stm32f10x_gpio.o
    0x08001fcc   0x08001fcc   0x00000014   Code   RO          471    .text.GPIO_ResetBits  stm32f10x_gpio.o
    0x08001fe0   0x08001fe0   0x00000014   Code   RO          469    .text.GPIO_SetBits  stm32f10x_gpio.o
    0x08001ff4   0x08001ff4   0x0000002c   Code   RO          473    .text.GPIO_WriteBit  stm32f10x_gpio.o
    0x08002020   0x08002020   0x00000004   Code   RO         1137    .text.HardFault_Handler  stm32f10x_it.o
    0x08002024   0x08002024   0x00000020   Code   RO         1160    .text.JTAG_SWD_Config  main.o
    0x08002044   0x08002044   0x0000003c   Code   RO         1240    .text.Key_Config    key.o
    0x08002080   0x08002080   0x00000142   Code   RO         1242    .text.Key_GetValue  key.o
    0x080021c2   0x080021c2   0x00000002   PAD
    0x080021c4   0x080021c4   0x00000058   Code   RO         1645    .text.LCD_Clear     lcd.o
    0x0800221c   0x0800221c   0x00000012   Code   RO         1641    .text.LCD_DisplayOn  lcd.o
    0x0800222e   0x0800222e   0x00000002   PAD
    0x08002230   0x08002230   0x000000c4   Code   RO         1643    .text.LCD_Display_Dir  lcd.o
    0x080022f4   0x080022f4   0x00000032   Code   RO         1651    .text.LCD_DrawPoint  lcd.o
    0x08002326   0x08002326   0x00000002   PAD
    0x08002328   0x08002328   0x00000078   Code   RO         1633    .text.LCD_FSMC_Config  lcd.o
    0x080023a0   0x080023a0   0x0000009e   Code   RO         1665    .text.LCD_Fill      lcd.o
    0x0800243e   0x0800243e   0x00000002   PAD
    0x08002440   0x08002440   0x000000be   Code   RO         1631    .text.LCD_GPIO_Config  lcd.o
    0x080024fe   0x080024fe   0x00000002   PAD
    0x08002500   0x08002500   0x00000022   Code   RO         1639    .text.LCD_Init      lcd.o
    0x08002522   0x08002522   0x00000002   PAD
    0x08002524   0x08002524   0x0000000c   Code   RO         1621    .text.LCD_RD_DATA   lcd.o
    0x08002530   0x08002530   0x0000001e   Code   RO         1625    .text.LCD_ReadReg   lcd.o
    0x0800254e   0x0800254e   0x00000002   PAD
    0x08002550   0x08002550   0x0000025e   Code   RO         1649    .text.LCD_Scan_Dir  lcd.o
    0x080027ae   0x080027ae   0x00000002   PAD
    0x080027b0   0x080027b0   0x00000076   Code   RO         1647    .text.LCD_SetCursor  lcd.o
    0x08002826   0x08002826   0x00000002   PAD
    0x08002828   0x08002828   0x00000088   Code   RO         1661    .text.LCD_Show_Photo  lcd.o
    0x080028b0   0x080028b0   0x00000018   Code   RO         1619    .text.LCD_WR_DATA   lcd.o
    0x080028c8   0x080028c8   0x00000018   Code   RO         1617    .text.LCD_WR_REG    lcd.o
    0x080028e0   0x080028e0   0x00000016   Code   RO         1627    .text.LCD_WriteRAM_Prepare  lcd.o
    0x080028f6   0x080028f6   0x00000002   PAD
    0x080028f8   0x080028f8   0x0000002a   Code   RO         1623    .text.LCD_WriteReg  lcd.o
    0x08002922   0x08002922   0x00000002   PAD
    0x08002924   0x08002924   0x00000308   Code   RO         1635    .text.LCD_init_RGB  lcd.o
    0x08002c2c   0x08002c2c   0x0000005e   Code   RO         1200    .text.LED_Config    led.o
    0x08002c8a   0x08002c8a   0x00000002   PAD
    0x08002c8c   0x08002c8c   0x000000c0   Code   RO         1796    .text.MFRC522_Add_IC  mfrc522.o
    0x08002d4c   0x08002d4c   0x000000be   Code   RO         1798    .text.MFRC522_Add_IC1  mfrc522.o
    0x08002e0a   0x08002e0a   0x00000002   PAD
    0x08002e0c   0x08002e0c   0x000000b2   Code   RO         1766    .text.MFRC_CalulateCRC  mfrc522.o
    0x08002ebe   0x08002ebe   0x00000002   PAD
    0x08002ec0   0x08002ec0   0x0000002e   Code   RO         1764    .text.MFRC_ClrBitMask  mfrc522.o
    0x08002eee   0x08002eee   0x00000002   PAD
    0x08002ef0   0x08002ef0   0x00000210   Code   RO         1768    .text.MFRC_CmdFrame  mfrc522.o
    0x08003100   0x08003100   0x00000008   Code   RO         1754    .text.MFRC_Init     mfrc522.o
    0x08003108   0x08003108   0x00000042   Code   RO         1760    .text.MFRC_ReadReg  mfrc522.o
    0x0800314a   0x0800314a   0x00000002   PAD
    0x0800314c   0x0800314c   0x0000002e   Code   RO         1762    .text.MFRC_SetBitMask  mfrc522.o
    0x0800317a   0x0800317a   0x00000002   PAD
    0x0800317c   0x0800317c   0x00000042   Code   RO         1758    .text.MFRC_WriteReg  mfrc522.o
    0x080031be   0x080031be   0x00000002   PAD
    0x080031c0   0x080031c0   0x0000005e   Code   RO         1937    .text.MQTTPacket_encode  mqttpacket.o
    0x0800321e   0x0800321e   0x00000002   PAD
    0x08003220   0x08003220   0x00000056   Code   RO         1941    .text.MQTTPacket_len  mqttpacket.o
    0x08003276   0x08003276   0x00000002   PAD
    0x08003278   0x08003278   0x000001f0   Code   RO         1866    .text.MQTTSerialize_connect  mqttconnectclient.o
    0x08003468   0x08003468   0x000000c4   Code   RO         1864    .text.MQTTSerialize_connectLength  mqttconnectclient.o
    0x0800352c   0x0800352c   0x0000011c   Code   RO         1984    .text.MQTTSerialize_publish  mqttserializepublish.o
    0x08003648   0x08003648   0x00000040   Code   RO         1982    .text.MQTTSerialize_publishLength  mqttserializepublish.o
    0x08003688   0x08003688   0x0000002a   Code   RO         1963    .text.MQTTstrlen    mqttpacket.o
    0x080036b2   0x080036b2   0x00000002   PAD
    0x080036b4   0x080036b4   0x00000004   Code   RO         1139    .text.MemManage_Handler  stm32f10x_it.o
    0x080036b8   0x080036b8   0x000000e8   Code   RO         1584    .text.MyMQTT_Connect  aliyun.o
    0x080037a0   0x080037a0   0x000000be   Code   RO         1588    .text.MyMQTT_Publish  aliyun.o
    0x0800385e   0x0800385e   0x00000002   PAD
    0x08003860   0x08003860   0x00000002   Code   RO         1135    .text.NMI_Handler   stm32f10x_it.o
    0x08003862   0x08003862   0x00000002   PAD
    0x08003864   0x08003864   0x000000aa   Code   RO           13    .text.NVIC_Init     misc.o
    0x0800390e   0x0800390e   0x00000002   PAD
    0x08003910   0x08003910   0x0000000c   Code   RO         1772    .text.PCD_AntennaOff  mfrc522.o
    0x0800391c   0x0800391c   0x00000026   Code   RO         1774    .text.PCD_AntennaOn  mfrc522.o
    0x08003942   0x08003942   0x00000002   PAD
    0x08003944   0x08003944   0x000000ba   Code   RO         1780    .text.PCD_Anticoll  mfrc522.o
    0x080039fe   0x080039fe   0x00000002   PAD
    0x08003a00   0x08003a00   0x000000be   Code   RO         1784    .text.PCD_AuthState  mfrc522.o
    0x08003abe   0x08003abe   0x00000002   PAD
    0x08003ac0   0x08003ac0   0x0000000c   Code   RO         1776    .text.PCD_Init      mfrc522.o
    0x08003acc   0x08003acc   0x0000006e   Code   RO         1778    .text.PCD_Request   mfrc522.o
    0x08003b3a   0x08003b3a   0x00000002   PAD
    0x08003b3c   0x08003b3c   0x00000086   Code   RO         1770    .text.PCD_Reset     mfrc522.o
    0x08003bc2   0x08003bc2   0x00000002   PAD
    0x08003bc4   0x08003bc4   0x000000ae   Code   RO         1782    .text.PCD_Select    mfrc522.o
    0x08003c72   0x08003c72   0x00000002   PAD
    0x08003c74   0x08003c74   0x000000f4   Code   RO         1786    .text.PCD_WriteBlock  mfrc522.o
    0x08003d68   0x08003d68   0x00000002   Code   RO         1149    .text.PendSV_Handler  stm32f10x_it.o
    0x08003d6a   0x08003d6a   0x00000002   PAD
    0x08003d6c   0x08003d6c   0x0000002c   Code   RO          643    .text.RCC_ADCCLKConfig  stm32f10x_rcc.o
    0x08003d98   0x08003d98   0x00000038   Code   RO          655    .text.RCC_AHBPeriphClockCmd  stm32f10x_rcc.o
    0x08003dd0   0x08003dd0   0x00000038   Code   RO          659    .text.RCC_APB1PeriphClockCmd  stm32f10x_rcc.o
    0x08003e08   0x08003e08   0x00000038   Code   RO          657    .text.RCC_APB2PeriphClockCmd  stm32f10x_rcc.o
    0x08003e40   0x08003e40   0x00000172   Code   RO          653    .text.RCC_GetClocksFreq  stm32f10x_rcc.o
    0x08003fb2   0x08003fb2   0x00000002   PAD
    0x08003fb4   0x08003fb4   0x0000004c   Code   RO         1225    .text.RGB_Config    rgb.o
    0x08004000   0x08004000   0x000000d8   Code   RO         1227    .text.RGB_ls        rgb.o
    0x080040d8   0x080040d8   0x000000c4   Code   RO         1810    .text.SPI_RC522_Init  spi.o
    0x0800419c   0x0800419c   0x00000002   Code   RO         1145    .text.SVC_Handler   stm32f10x_it.o
    0x0800419e   0x0800419e   0x00000002   PAD
    0x080041a0   0x080041a0   0x00000008   Code   RO         1120    .text.SetSysClock   system_stm32f10x.o
    0x080041a8   0x080041a8   0x00000122   Code   RO         1124    .text.SetSysClockTo72  system_stm32f10x.o
    0x080042ca   0x080042ca   0x00000002   PAD
    0x080042cc   0x080042cc   0x0000007e   Code   RO         1814    .text.Soft_SPI_Read  spi.o
    0x0800434a   0x0800434a   0x00000002   PAD
    0x0800434c   0x0800434c   0x00000092   Code   RO         1812    .text.Soft_SPI_Write  spi.o
    0x080043de   0x080043de   0x00000002   PAD
    0x080043e0   0x080043e0   0x00000052   Code   RO         1173    .text.SysTick_Config  delay.o
    0x08004432   0x08004432   0x00000002   PAD
    0x08004434   0x08004434   0x000001c4   Code   RO         1175    .text.SysTick_Handler  delay.o
    0x080045f8   0x080045f8   0x00000066   Code   RO         1118    .text.SystemInit    system_stm32f10x.o
    0x0800465e   0x0800465e   0x00000002   PAD
    0x08004660   0x08004660   0x0000008e   Code   RO         1252    .text.USART1_Config  usart1.o
    0x080046ee   0x080046ee   0x00000002   PAD
    0x080046f0   0x080046f0   0x0000009a   Code   RO         1258    .text.USART1_IRQHandler  usart1.o
    0x0800478a   0x0800478a   0x00000002   PAD
    0x0800478c   0x0800478c   0x00000110   Code   RO         1544    .text.USART3_IRQHandler  esp8266.o
    0x0800489c   0x0800489c   0x00000044   Code   RO         1086    .text.USART_ClearITPendingBit  stm32f10x_usart.o
    0x080048e0   0x080048e0   0x0000002c   Code   RO         1040    .text.USART_Cmd     stm32f10x_usart.o
    0x0800490c   0x0800490c   0x00000044   Code   RO         1080    .text.USART_GetFlagStatus  stm32f10x_usart.o
    0x08004950   0x08004950   0x000000b0   Code   RO         1084    .text.USART_GetITStatus  stm32f10x_usart.o
    0x08004a00   0x08004a00   0x00000092   Code   RO         1042    .text.USART_ITConfig  stm32f10x_usart.o
    0x08004a92   0x08004a92   0x00000002   PAD
    0x08004a94   0x08004a94   0x0000015c   Code   RO         1032    .text.USART_Init    stm32f10x_usart.o
    0x08004bf0   0x08004bf0   0x00000010   Code   RO         1058    .text.USART_ReceiveData  stm32f10x_usart.o
    0x08004c00   0x08004c00   0x00000018   Code   RO         1056    .text.USART_SendData  stm32f10x_usart.o
    0x08004c18   0x08004c18   0x00000078   Code   RO         1602    .text.Up_Data       aliyun.o
    0x08004c90   0x08004c90   0x00000004   Code   RO         1143    .text.UsageFault_Handler  stm32f10x_it.o
    0x08004c94   0x08004c94   0x00000032   Code   RO         1548    .text.Usart3_SendByte  esp8266.o
    0x08004cc6   0x08004cc6   0x00000002   PAD
    0x08004cc8   0x08004cc8   0x00000042   Code   RO         1550    .text.Usart3_SendStr  esp8266.o
    0x08004d0a   0x08004d0a   0x00000002   PAD
    0x08004d0c   0x08004d0c   0x00000026   Code   RO         1562    .text.WIFI_ClearDat  esp8266.o
    0x08004d32   0x08004d32   0x00000002   PAD
    0x08004d34   0x08004d34   0x0000002c   Code   RO         1558    .text.WIFI_CloseTransmission  esp8266.o
    0x08004d60   0x08004d60   0x000000da   Code   RO         1560    .text.WIFI_ConnectServer  esp8266.o
    0x08004e3a   0x08004e3a   0x00000002   PAD
    0x08004e3c   0x08004e3c   0x0000004a   Code   RO         1564    .text.WIFI_SendBuff  esp8266.o
    0x08004e86   0x08004e86   0x00000002   PAD
    0x08004e88   0x08004e88   0x00000082   Code   RO         1556    .text.Wifi_Init     esp8266.o
    0x08004f0a   0x08004f0a   0x00000002   PAD
    0x08004f0c   0x08004f0c   0x00000030   Code   RO         1256    .text.__NVIC_EnableIRQ  usart1.o
    0x08004f3c   0x08004f3c   0x00000042   Code   RO         1183    .text.__NVIC_SetPriority  delay.o
    0x08004f7e   0x08004f7e   0x00000002   PAD
    0x08004f80   0x08004f80   0x00000042   Code   RO         1254    .text.__NVIC_SetPriority  usart1.o
    0x08004fc2   0x08004fc2   0x00000002   PAD
    0x08004fc4   0x08004fc4   0x00000034   Code   RO         1260    .text.fputc         usart1.o
    0x08004ff8   0x08004ff8   0x00000450   Code   RO         1158    .text.main          main.o
    0x08005448   0x08005448   0x000000d8   Code   RO         1657    .text.show_xXx      lcd.o
    0x08005520   0x08005520   0x00000038   Code   RO         2087    .text.utils_hb2hex  utils_md5.o
    0x08005558   0x08005558   0x00000126   Code   RO         2056    .text.utils_hmac_sha1  utils_hmac.o
    0x0800567e   0x0800567e   0x00000002   PAD
    0x08005680   0x08005680   0x0000014c   Code   RO         2111    .text.utils_sha1_finish  utils_sha1.o
    0x080057cc   0x080057cc   0x00000012   Code   RO         2097    .text.utils_sha1_init  utils_sha1.o
    0x080057de   0x080057de   0x00000002   PAD
    0x080057e0   0x080057e0   0x000015de   Code   RO         2107    .text.utils_sha1_process  utils_sha1.o
    0x08006dbe   0x08006dbe   0x00000002   PAD
    0x08006dc0   0x08006dc0   0x0000004e   Code   RO         2105    .text.utils_sha1_starts  utils_sha1.o
    0x08006e0e   0x08006e0e   0x00000002   PAD
    0x08006e10   0x08006e10   0x000000c0   Code   RO         2109    .text.utils_sha1_update  utils_sha1.o
    0x08006ed0   0x08006ed0   0x00000032   Code   RO         1955    .text.writeCString  mqttpacket.o
    0x08006f02   0x08006f02   0x00000002   PAD
    0x08006f04   0x08006f04   0x0000001e   Code   RO         1951    .text.writeChar     mqttpacket.o
    0x08006f22   0x08006f22   0x00000002   PAD
    0x08006f24   0x08006f24   0x00000032   Code   RO         1953    .text.writeInt      mqttpacket.o
    0x08006f56   0x08006f56   0x00000002   PAD
    0x08006f58   0x08006f58   0x00000054   Code   RO         1959    .text.writeMQTTString  mqttpacket.o
    0x08006fac   0x08006fac   0x00000020   Code   RO         2158    i.__0printf         mc_w.l(printfa.o)
    0x08006fcc   0x08006fcc   0x00000028   Code   RO         2160    i.__0sprintf        mc_w.l(printfa.o)
    0x08006ff4   0x08006ff4   0x0000000e   Code   RO         2355    i.__scatterload_copy  mc_w.l(handlers.o)
    0x08007002   0x08007002   0x00000002   Code   RO         2356    i.__scatterload_null  mc_w.l(handlers.o)
    0x08007004   0x08007004   0x0000000e   Code   RO         2357    i.__scatterload_zeroinit  mc_w.l(handlers.o)
    0x08007012   0x08007012   0x00000002   PAD
    0x08007014   0x08007014   0x00000184   Code   RO         2165    i._fp_digits        mc_w.l(printfa.o)
    0x08007198   0x08007198   0x000006dc   Code   RO         2166    i._printf_core      mc_w.l(printfa.o)
    0x08007874   0x08007874   0x00000024   Code   RO         2167    i._printf_post_padding  mc_w.l(printfa.o)
    0x08007898   0x08007898   0x0000002e   Code   RO         2168    i._printf_pre_padding  mc_w.l(printfa.o)
    0x080078c6   0x080078c6   0x0000000a   Code   RO         2170    i._sputc            mc_w.l(printfa.o)
    0x080078d0   0x080078d0   0x00000014   Data   RO         1289    .rodata..L__const.ADC_Config.adc  adc.o
    0x080078e4   0x080078e4   0x00000058   Data   RO         1608    .rodata..L__const.MyMQTT_Connect.data  aliyun.o
    0x0800793c   0x0800793c   0x00000004   Data   RO          678    .rodata.ADCPrescTable  stm32f10x_rcc.o
    0x08007940   0x08007940   0x00000010   Data   RO          677    .rodata.APBAHBPrescTable  stm32f10x_rcc.o
    0x08007950   0x08007950   0x00000710   Data   RO         1840    .rodata.gImage_money  app.o
    0x08008060   0x08008060   0x00000710   Data   RO         1841    .rodata.gImage_power  app.o
    0x08008770   0x08008770   0x000006d4   Data   RO         1839    .rodata.gImage_time  app.o
    0x08008e44   0x08008e44   0x00000040   Data   RO         2115    .rodata.iot_sha1_padding  utils_sha1.o
    0x08008e84   0x08008e84   0x00000056   Data   RO         1162    .rodata.str1.1      main.o
    0x08008eda   0x08008eda   0x00000099   Data   RO         1192    .rodata.str1.1      delay.o
    0x08008f73   0x08008f73   0x000000e4   Data   RO         1570    .rodata.str1.1      esp8266.o
    0x08009057   0x08009057   0x00000273   Data   RO         1607    .rodata.str1.1      aliyun.o
    0x080092ca   0x080092ca   0x0000005e   Data   RO         1802    .rodata.str1.1      mfrc522.o
    0x08009328   0x08009328   0x0000004d   Data   RO         1845    .rodata.str1.1      app.o
    0x08009375   0x08009375   0x0000000c   Data   RO         1877    .rodata.str1.1      mqttconnectclient.o
    0x08009381   0x08009381   0x00000003   PAD
    0x08009384   0x08009384   0x00000020   Data   RO         2354    Region$$Table       anon$$obj.o


    Execution Region RW_IRAM1 (Exec base: 0x20000000, Load base: 0x080093a8, Size: 0x00005bd8, Max: 0x00010000, ABSOLUTE, COMPRESSED[0x00000838])

    Exec Addr    Load Addr    Size         Type   Attr      Idx    E Section Name        Object

    0x20000000   COMPRESSED   0x00000004   Data   RW         2278    .data               mc_w.l(stdout.o)
    0x20000004   COMPRESSED   0x00000006   Data   RW         1745    .data.Default_Key   iccard.o
    0x2000000a   COMPRESSED   0x00000002   Data   RW         1856    .data.car_power     app.o
    0x2000000c   COMPRESSED   0x00000002   Data   RW         1801    .data.card_money    mfrc522.o
    0x2000000e   COMPRESSED   0x00000003   Data   RW         1848    .data.charge_stepvalue  app.o
    0x20000011   COMPRESSED   0x00000003   PAD
    0x20000014   COMPRESSED   0x00000024   Data   RW         1846    .data.charger_way   app.o
    0x20000038   COMPRESSED   0x00000001   Data   RW         1843    .data.choose_no     app.o
    0x20000039   COMPRESSED   0x00000560   Data   RW         1696    .data.hz            zi.o
    0x20000599   COMPRESSED   0x00000057   Data   RW         1695    .data.hz_index      zi.o
    0x200005f0   COMPRESSED   0x0000000c   Data   RW         1852    .data.p_charge_num  app.o
    0x200005fc   COMPRESSED   0x000005d0   Data   RW         1697    .data.zf            zi.o
    0x20000bcc   COMPRESSED   0x0000005e   Data   RW         1694    .data.zf_index      zi.o
    0x20000c2a   COMPRESSED   0x00000006   PAD
    0x20000c30        -       0x00000388   Zero   RW         1604    .bss.Ali_Buf        aliyun.o
    0x20000fb8        -       0x00000001   Zero   RW         1854    .bss.Charge_Choose_Num.laset_choose_mode  app.o
    0x20000fb9        -       0x00000001   Zero   RW         1853    .bss.Charge_Choose_Num.last_num  app.o
    0x20000fba        -       0x00000001   Zero   RW         1847    .bss.Charge_Choose_View.last_num  app.o
    0x20000fbb        -       0x00000004   Zero   RW         1743    .bss.Get_ID_Card    iccard.o
    0x20000fbf   COMPRESSED   0x00000001   PAD
    0x20000fc0        -       0x00000002   Zero   RW         1232    .bss.RGB_ls.state   rgb.o
    0x20000fc2        -       0x00000002   Zero   RW         1290    .bss.adc_data       adc.o
    0x20000fc4        -       0x00000004   Zero   RW         1190    .bss.cardtime       delay.o
    0x20000fc8        -       0x00000002   Zero   RW         1850    .bss.charge_money   app.o
    0x20000fca        -       0x00000002   Zero   RW         1851    .bss.charge_power   app.o
    0x20000fcc        -       0x00000002   Zero   RW         1849    .bss.charge_time    app.o
    0x20000fce        -       0x00000400   Zero   RW         1569    .bss.charger_buf    esp8266.o
    0x200013ce        -       0x00000001   Zero   RW         1844    .bss.choose_mode    app.o
    0x200013cf   COMPRESSED   0x00000001   PAD
    0x200013d0        -       0x0000000a   Zero   RW         1842    .bss.device1        app.o
    0x200013da        -       0x00000002   Zero   RW         1276    .bss.dht11_data     dht11.o
    0x200013dc        -       0x00000004   Zero   RW         1189    .bss.dht11time      delay.o
    0x200013e0        -       0x00000002   Zero   RW         1185    .bss.init_status    delay.o
    0x200013e2   COMPRESSED   0x00000002   PAD
    0x200013e4        -       0x00000004   Zero   RW         1191    .bss.inittime       delay.o
    0x200013e8        -       0x00000004   Zero   RW         1188    .bss.keytime        delay.o
    0x200013ec        -       0x0000000a   Zero   RW         1681    .bss.lcddev         lcd.o
    0x200013f6        -       0x00000001   Zero   RW         1206    .bss.led1_status    led.o
    0x200013f7   COMPRESSED   0x00000001   PAD
    0x200013f8        -       0x00000004   Zero   RW         1187    .bss.ledtime        delay.o
    0x200013fc        -       0x00000004   Zero   RW         1186    .bss.runtime        delay.o
    0x20001400        -       0x00000004   Zero   RW         1855    .bss.total_money    app.o
    0x20001404        -       0x000007d4   Zero   RW         1568    .bss.wifi_data      esp8266.o
    0x20001bd8        -       0x00004000   Zero   RW            1    STACK               startup_stm32f10x_hd.o


==============================================================================

Image component sizes


      Code (inc. data)   RO Data    RW Data    ZI Data      Debug   Object Name

       248          0         20          0          2       2416   adc.o
       988          0        715          0        904       6875   aliyun.o
      1510          0       5441         54         24       3415   app.o
        52          0          0          0          0       1437   beep.o
       872          8        153          0         26       4880   delay.o
       436          0          0          0          2       2107   dht11.o
      1308          0        228          0       3028       7199   esp8266.o
       458          0          0          6          4       5942   iccard.o
       382          0          0          0          0       1738   key.o
      3278         16          0          0         10      10909   lcd.o
        94          0          0          0          1       1956   led.o
      1136          4         86          0          0       1923   main.o
      2420          0         94          2          0       6903   mfrc522.o
       170          0          0          0          0       3023   misc.o
       692          0         12          0          0       4036   mqttconnectclient.o
       436          0          0          0          0       5504   mqttpacket.o
       348          0          0          0          0       2824   mqttserializepublish.o
       292          0          0          0          2       2114   rgb.o
       468          0          0          0          0       2208   spi.o
        36          8        304          0      16384        808   startup_stm32f10x_hd.o
       770          0          0          0          0       8506   stm32f10x_adc.o
       316          0          0          0          0       7260   stm32f10x_fsmc.o
       828          0          0          0          0       5447   stm32f10x_gpio.o
        24          0          0          0          0        914   stm32f10x_it.o
       582          0         20          0          0       6766   stm32f10x_rcc.o
       890          0          0          0          0       7239   stm32f10x_usart.o
       400          0          0          0          0       2747   system_stm32f10x.o
       462          4          0          0          0       5450   usart1.o
       294          0          0          0          0       2578   utils_hmac.o
        56          0          0          0          0       3197   utils_md5.o
      6218          0         64          0          0       3129   utils_sha1.o
        84          0          0       3045          0        891   zi.o

    ----------------------------------------------------------------------
     26704         40       7172       3112      20396     132341   Object Totals
         0          0         32          0          0          0   (incl. Generated)
       156          0          3          5          9          0   (incl. Padding)

    ----------------------------------------------------------------------

      Code (inc. data)   RO Data    RW Data    ZI Data      Debug   Library Member Name

        94          0          0          0          0          0   __dclz77c.o
         0          0          0          0          0          0   entry.o
         0          0          0          0          0          0   entry10a.o
         0          0          0          0          0          0   entry11a.o
         8          4          0          0          0          0   entry2.o
         4          0          0          0          0          0   entry5.o
         0          0          0          0          0          0   entry7b.o
         0          0          0          0          0          0   entry8b.o
         8          4          0          0          0          0   entry9a.o
        30          0          0          0          0          0   handlers.o
        36          8          0          0          0         68   init.o
         0          0          0          0          0          0   iusefp.o
        30          0          0          0          0         68   llshl.o
        36          0          0          0          0         68   llsshr.o
        32          0          0          0          0         68   llushr.o
        36          0          0          0          0         68   memcpya.o
        36          0          0          0          0        108   memseta.o
      2308         96          0          0          0        604   printfa.o
         0          0          0          4          0          0   stdout.o
        14          0          0          0          0         68   strlen.o
        36          0          0          0          0         80   strstr.o
        44          0          0          0          0         80   uidiv.o
        98          0          0          0          0         92   uldiv.o
        48          0          0          0          0         68   cdrcmple.o
       334          0          0          0          0        148   dadd.o
       222          0          0          0          0        100   ddiv.o
       186          0          0          0          0        176   depilogue.o
        48          0          0          0          0         68   dfixul.o
       228          0          0          0          0         96   dmul.o

    ----------------------------------------------------------------------
      3920        112          0          4          0       2028   Library Totals
         4          0          0          0          0          0   (incl. Padding)

    ----------------------------------------------------------------------

      Code (inc. data)   RO Data    RW Data    ZI Data      Debug   Library Name

      2850        112          0          4          0       1372   mc_w.l
      1066          0          0          0          0        656   mf_w.l

    ----------------------------------------------------------------------
      3920        112          0          4          0       2028   Library Totals

    ----------------------------------------------------------------------

==============================================================================


      Code (inc. data)   RO Data    RW Data    ZI Data      Debug   

     30624        152       7172       3116      20396     132961   Grand Totals
     30624        152       7172       2104      20396     132961   ELF Image Totals (compressed)
     30624        152       7172       2104          0          0   ROM Totals

==============================================================================

    Total RO  Size (Code + RO Data)                37796 (  36.91kB)
    Total RW  Size (RW Data + ZI Data)             23512 (  22.96kB)
    Total ROM Size (Code + RO Data + RW Data)      39900 (  38.96kB)

==============================================================================

